make: Entering directory '/home/hatch/workspace/rv32imc-cpu/tools/orfs/flow'
mkdir -p ./results/sky130hd/rv32imc_top/base/
echo 10.0 > ./results/sky130hd/rv32imc_top/base/clock_period.txt
/home/hatch/workspace/rv32imc-cpu/tools/orfs/flow/scripts/synth.sh /home/hatch/workspace/rv32imc-cpu/tools/orfs/flow/scripts/synth_canonicalize.tcl ./logs/sky130hd/rv32imc_top/base/1_1_yosys_canonicalize.log
Using ABC area script.
Extracting clock period from SDC file: ./results/sky130hd/rv32imc_top/base/clock_period.txt
Setting clock period to 10.0
1. Executing Liberty frontend: /home/hatch/workspace/rv32imc-cpu/tools/orfs/flow/platforms/sky130hd/lib/sky130_fd_sc_hd__tt_025C_1v80.lib
2. Executing Liberty frontend: /home/hatch/workspace/rv32imc-cpu/tools/orfs/flow/platforms/sky130hd/lib/sky130_fd_sc_hd__tt_025C_1v80.lib
3. Executing Verilog-2005 frontend: /home/hatch/workspace/rv32imc-cpu/rtl/alu.v
4. Executing Verilog-2005 frontend: /home/hatch/workspace/rv32imc-cpu/rtl/compressed_decoder.v
5. Executing Verilog-2005 frontend: /home/hatch/workspace/rv32imc-cpu/rtl/csr.v
6. Executing Verilog-2005 frontend: /home/hatch/workspace/rv32imc-cpu/rtl/mul_div.v
7. Executing Verilog-2005 frontend: /home/hatch/workspace/rv32imc-cpu/rtl/regfile.v
8. Executing Verilog-2005 frontend: /home/hatch/workspace/rv32imc-cpu/rtl/rv32imc_top.v
9. Executing Verilog-2005 frontend: /home/hatch/workspace/rv32imc-cpu/rtl/tb_extended.v
10. Executing Verilog-2005 frontend: /home/hatch/workspace/rv32imc-cpu/rtl/tb_smoke.v
11. Executing Verilog-2005 frontend: /home/hatch/workspace/rv32imc-cpu/tools/orfs/flow/platforms/sky130hd/cells_clkgate_hd.v
12. Executing HIERARCHY pass (managing design hierarchy).
13. Executing AST frontend in derive mode using pre-parsed AST for module `\rv32imc_top'.
13.1. Analyzing design hierarchy..
13.2. Executing AST frontend in derive mode using pre-parsed AST for module `\csr'.
13.3. Executing AST frontend in derive mode using pre-parsed AST for module `\divider'.
13.4. Executing AST frontend in derive mode using pre-parsed AST for module `\multiplier'.
13.5. Executing AST frontend in derive mode using pre-parsed AST for module `\alu'.
13.6. Executing AST frontend in derive mode using pre-parsed AST for module `\regfile'.
13.7. Executing AST frontend in derive mode using pre-parsed AST for module `\compressed_decoder'.
13.8. Analyzing design hierarchy..
13.9. Analyzing design hierarchy..
14. Executing OPT_CLEAN pass (remove unused cells and wires).
Warning: Ignoring module multiplier because it contains processes (run 'proc' command first).
Warning: Ignoring module divider because it contains processes (run 'proc' command first).
Warning: Ignoring module csr because it contains processes (run 'proc' command first).
Warning: Ignoring module rv32imc_top because it contains processes (run 'proc' command first).
Warning: Ignoring module compressed_decoder because it contains processes (run 'proc' command first).
Warning: Ignoring module regfile because it contains processes (run 'proc' command first).
Warning: Ignoring module alu because it contains processes (run 'proc' command first).
15. Executing RTLIL backend.
Warnings: 7 unique messages, 7 total
End of script. Logfile hash: 1f36de53a7, time: 0.43s, user: 0.21s, system: 0.11s, MEM: 29.03 MB peak
Yosys 0.69+75 (git sha1 f0b945f63-dirty, Release, Clang /usr/bin/clang++ 21.1.8)
Time spent: 48% 4x read_liberty (0 sec), 19% 1x hierarchy (0 sec), ...
Elapsed time: 0:00.46[h:]min:sec. CPU time: user 0.25 sys 0.13 (81%). Peak memory: 31496KB.
Log                       Ext     Elapsed/s Peak Memory/MB sha1sum result [0:20)
1_1_yosys_canonicalize    .rtlil          0             30 0b549e6e55e3413141db
/home/hatch/workspace/rv32imc-cpu/tools/orfs/flow/scripts/synth.sh /home/hatch/workspace/rv32imc-cpu/tools/orfs/flow/scripts/synth.tcl ./logs/sky130hd/rv32imc_top/base/1_2_yosys.log
Using ABC area script.
Extracting clock period from SDC file: ./results/sky130hd/rv32imc_top/base/clock_period.txt
Setting clock period to 10.0
1. Executing RTLIL frontend.
2. Executing HIERARCHY pass (managing design hierarchy).
2.1. Analyzing design hierarchy..
2.2. Analyzing design hierarchy..
3. Executing SYNTH pass.
3.1. Executing HIERARCHY pass (managing design hierarchy).
3.1.1. Analyzing design hierarchy..
3.1.2. Analyzing design hierarchy..
3.2. Executing PROC pass (convert processes to netlists).
3.2.1. Executing PROC_CLEAN pass (remove empty switches from decision trees).
3.2.2. Executing PROC_RMDEAD pass (remove dead branches from decision trees).
3.2.3. Executing PROC_PRUNE pass (remove redundant assignments in processes).
3.2.4. Executing PROC_INIT pass (extract init attributes).
3.2.5. Executing PROC_ARST pass (detect async resets in processes).
3.2.6. Executing PROC_ROM pass (convert switches to ROMs).
3.2.7. Executing PROC_MUX pass (convert decision trees to multiplexers).
3.2.8. Executing PROC_DLATCH pass (convert process syncs to latches).
3.2.9. Executing PROC_DFF pass (convert process syncs to FFs).
3.2.10. Executing PROC_MEMWR pass (convert process memory writes to cells).
3.2.11. Executing PROC_CLEAN pass (remove empty switches from decision trees).
3.2.12. Executing OPT_EXPR pass (perform const folding).
3.3. Executing CHECK pass (checking for obvious problems).
3.4. Executing FLATTEN pass (flatten design).
3.5. Executing OPT_EXPR pass (perform const folding).
3.6. Executing CHECK pass (checking for obvious problems).
3.7. Executing OPT_CLEAN pass (remove unused cells and wires).
3.8. Executing OPT pass (performing simple optimizations).
3.8.1. Executing OPT_EXPR pass (perform const folding).
3.8.2. Executing OPT_MERGE pass (detect identical cells).
3.8.3. Executing OPT_MUXTREE pass (detect dead branches in mux trees).
3.8.4. Executing OPT_REDUCE pass (consolidate $*mux and $reduce_* inputs).
3.8.5. Executing OPT_MERGE pass (detect identical cells).
3.8.6. Executing OPT_DFF pass (perform DFF optimizations).
3.8.7. Executing OPT_CLEAN pass (remove unused cells and wires).
3.8.8. Executing OPT_EXPR pass (perform const folding).
3.8.9. Rerunning OPT passes. (Maybe there is more to do..)
3.8.10. Executing OPT_MUXTREE pass (detect dead branches in mux trees).
3.8.11. Executing OPT_REDUCE pass (consolidate $*mux and $reduce_* inputs).
3.8.12. Executing OPT_MERGE pass (detect identical cells).
3.8.13. Executing OPT_DFF pass (perform DFF optimizations).
3.8.14. Executing OPT_CLEAN pass (remove unused cells and wires).
3.8.15. Executing OPT_EXPR pass (perform const folding).
3.8.16. Rerunning OPT passes. (Maybe there is more to do..)
3.8.17. Executing OPT_MUXTREE pass (detect dead branches in mux trees).
3.8.18. Executing OPT_REDUCE pass (consolidate $*mux and $reduce_* inputs).
3.8.19. Executing OPT_MERGE pass (detect identical cells).
3.8.20. Executing OPT_DFF pass (perform DFF optimizations).
3.8.21. Executing OPT_CLEAN pass (remove unused cells and wires).
3.8.22. Executing OPT_EXPR pass (perform const folding).
3.8.23. Finished fast OPT passes. (There is nothing left to do.)
3.9. Executing FSM pass (extract and optimize FSM).
3.9.1. Executing FSM_DETECT pass (finding FSMs in design).
3.9.2. Executing FSM_EXTRACT pass (extracting FSM from design).
3.9.3. Executing FSM_OPT pass (simple optimizations of FSMs).
3.9.4. Executing OPT_CLEAN pass (remove unused cells and wires).
3.9.5. Executing FSM_OPT pass (simple optimizations of FSMs).
3.9.6. Executing FSM_RECODE pass (re-assigning FSM state encoding).
3.9.7. Executing FSM_INFO pass (dumping all available information on FSM cells).
3.9.8. Executing FSM_MAP pass (mapping FSMs to basic logic).
3.10. Executing OPT pass (performing simple optimizations).
3.10.1. Executing OPT_EXPR pass (perform const folding).
3.10.2. Executing OPT_MERGE pass (detect identical cells).
3.10.3. Executing OPT_MUXTREE pass (detect dead branches in mux trees).
3.10.4. Executing OPT_REDUCE pass (consolidate $*mux and $reduce_* inputs).
3.10.5. Executing OPT_MERGE pass (detect identical cells).
3.10.6. Executing OPT_DFF pass (perform DFF optimizations).
3.10.7. Executing OPT_CLEAN pass (remove unused cells and wires).
3.10.8. Executing OPT_EXPR pass (perform const folding).
3.10.9. Rerunning OPT passes. (Maybe there is more to do..)
3.10.10. Executing OPT_MUXTREE pass (detect dead branches in mux trees).
3.10.11. Executing OPT_REDUCE pass (consolidate $*mux and $reduce_* inputs).
3.10.12. Executing OPT_MERGE pass (detect identical cells).
3.10.13. Executing OPT_DFF pass (perform DFF optimizations).
3.10.14. Executing OPT_CLEAN pass (remove unused cells and wires).
3.10.15. Executing OPT_EXPR pass (perform const folding).
3.10.16. Rerunning OPT passes. (Maybe there is more to do..)
3.10.17. Executing OPT_MUXTREE pass (detect dead branches in mux trees).
3.10.18. Executing OPT_REDUCE pass (consolidate $*mux and $reduce_* inputs).
3.10.19. Executing OPT_MERGE pass (detect identical cells).
3.10.20. Executing OPT_DFF pass (perform DFF optimizations).
3.10.21. Executing OPT_CLEAN pass (remove unused cells and wires).
3.10.22. Executing OPT_EXPR pass (perform const folding).
3.10.23. Finished fast OPT passes. (There is nothing left to do.)
3.11. Executing WREDUCE pass (reducing word size of cells).
3.12. Executing PEEPOPT pass (run peephole optimizers).
3.13. Executing OPT_CLEAN pass (remove unused cells and wires).
3.14. Executing ALUMACC pass (create $alu and $macc cells).
3.15. Executing SHARE pass (SAT-based resource sharing).
3.16. Executing OPT pass (performing simple optimizations).
3.16.1. Executing OPT_EXPR pass (perform const folding).
3.16.2. Executing OPT_MERGE pass (detect identical cells).
3.16.3. Executing OPT_MUXTREE pass (detect dead branches in mux trees).
3.16.4. Executing OPT_REDUCE pass (consolidate $*mux and $reduce_* inputs).
3.16.5. Executing OPT_MERGE pass (detect identical cells).
3.16.6. Executing OPT_DFF pass (perform DFF optimizations).
3.16.7. Executing OPT_CLEAN pass (remove unused cells and wires).
3.16.8. Executing OPT_EXPR pass (perform const folding).
3.16.9. Rerunning OPT passes. (Maybe there is more to do..)
3.16.10. Executing OPT_MUXTREE pass (detect dead branches in mux trees).
3.16.11. Executing OPT_REDUCE pass (consolidate $*mux and $reduce_* inputs).
3.16.12. Executing OPT_MERGE pass (detect identical cells).
3.16.13. Executing OPT_DFF pass (perform DFF optimizations).
3.16.14. Executing OPT_CLEAN pass (remove unused cells and wires).
3.16.15. Executing OPT_EXPR pass (perform const folding).
3.16.16. Finished fast OPT passes. (There is nothing left to do.)
3.17. Executing MEMORY pass.
3.17.1. Executing OPT_MEM pass (optimize memories).
3.17.2. Executing OPT_MEM_PRIORITY pass (removing unnecessary memory write priority relations).
3.17.3. Executing OPT_MEM_FEEDBACK pass (finding memory read-to-write feedback paths).
3.17.4. Executing MEMORY_BMUX2ROM pass (converting muxes to ROMs).
3.17.5. Executing MEMORY_DFF pass (merging $dff cells to $memrd).
3.17.6. Executing OPT_CLEAN pass (remove unused cells and wires).
3.17.7. Executing MEMORY_SHARE pass (consolidating $memrd/$memwr cells).
3.17.8. Executing OPT_MEM_WIDEN pass (optimize memories where all ports are wide).
3.17.9. Executing OPT_CLEAN pass (remove unused cells and wires).
3.17.10. Executing MEMORY_COLLECT pass (generating $mem cells).
3.18. Executing OPT_CLEAN pass (remove unused cells and wires).
4. Executing SYNTH pass.
4.1. Executing OPT pass (performing simple optimizations).
4.1.1. Executing OPT_EXPR pass (perform const folding).
4.1.2. Executing OPT_MERGE pass (detect identical cells).
4.1.3. Executing OPT_DFF pass (perform DFF optimizations).
4.1.4. Executing OPT_CLEAN pass (remove unused cells and wires).
4.1.5. Rerunning OPT passes. (Removed registers in this run.)
4.1.6. Executing OPT_EXPR pass (perform const folding).
4.1.7. Executing OPT_MERGE pass (detect identical cells).
4.1.8. Executing OPT_DFF pass (perform DFF optimizations).
4.1.9. Executing OPT_CLEAN pass (remove unused cells and wires).
4.1.10. Finished fast OPT passes.
4.2. Executing MEMORY_MAP pass (converting memories to logic and flip-flops).
4.3. Executing OPT pass (performing simple optimizations).
4.3.1. Executing OPT_EXPR pass (perform const folding).
4.3.2. Executing OPT_MERGE pass (detect identical cells).
4.3.3. Executing OPT_MUXTREE pass (detect dead branches in mux trees).
4.3.4. Executing OPT_REDUCE pass (consolidate $*mux and $reduce_* inputs).
4.3.5. Executing OPT_MERGE pass (detect identical cells).
4.3.6. Executing OPT_SHARE pass.
4.3.7. Executing OPT_DFF pass (perform DFF optimizations).
4.3.8. Executing OPT_CLEAN pass (remove unused cells and wires).
4.3.9. Executing OPT_EXPR pass (perform const folding).
4.3.10. Rerunning OPT passes. (Maybe there is more to do..)
4.3.11. Executing OPT_MUXTREE pass (detect dead branches in mux trees).
4.3.12. Executing OPT_REDUCE pass (consolidate $*mux and $reduce_* inputs).
4.3.13. Executing OPT_MERGE pass (detect identical cells).
4.3.14. Executing OPT_SHARE pass.
4.3.15. Executing OPT_DFF pass (perform DFF optimizations).
4.3.16. Executing OPT_CLEAN pass (remove unused cells and wires).
4.3.17. Executing OPT_EXPR pass (perform const folding).
4.3.18. Rerunning OPT passes. (Maybe there is more to do..)
4.3.19. Executing OPT_MUXTREE pass (detect dead branches in mux trees).
4.3.20. Executing OPT_REDUCE pass (consolidate $*mux and $reduce_* inputs).
4.3.21. Executing OPT_MERGE pass (detect identical cells).
4.3.22. Executing OPT_SHARE pass.
4.3.23. Executing OPT_DFF pass (perform DFF optimizations).
4.3.24. Executing OPT_CLEAN pass (remove unused cells and wires).
4.3.25. Executing OPT_EXPR pass (perform const folding).
4.3.26. Rerunning OPT passes. (Maybe there is more to do..)
4.3.27. Executing OPT_MUXTREE pass (detect dead branches in mux trees).
4.3.28. Executing OPT_REDUCE pass (consolidate $*mux and $reduce_* inputs).
4.3.29. Executing OPT_MERGE pass (detect identical cells).
4.3.30. Executing OPT_SHARE pass.
4.3.31. Executing OPT_DFF pass (perform DFF optimizations).
4.3.32. Executing OPT_CLEAN pass (remove unused cells and wires).
4.3.33. Executing OPT_EXPR pass (perform const folding).
4.3.34. Finished fast OPT passes. (There is nothing left to do.)
4.4. Executing TECHMAP pass (map to technology primitives).
4.4.1. Executing Verilog-2005 frontend: /home/hatch/workspace/rv32imc-cpu/tools/oss-cad-suite/lib/../share/yosys/techmap.v
4.4.2. Executing Verilog-2005 frontend: /home/hatch/workspace/rv32imc-cpu/tools/orfs/flow/platforms/common/lcu_kogge_stone.v
4.4.3. Continuing TECHMAP pass.
4.4.61. Executing OPT_MUXTREE pass (detect dead branches in mux trees).
4.4.62. Executing OPT_EXPR pass (perform const folding).
4.5. Executing OPT pass (performing simple optimizations).
4.5.1. Executing OPT_EXPR pass (perform const folding).
4.5.2. Executing OPT_MERGE pass (detect identical cells).
4.5.3. Executing OPT_DFF pass (perform DFF optimizations).
4.5.4. Executing OPT_CLEAN pass (remove unused cells and wires).
4.5.5. Rerunning OPT passes. (Removed registers in this run.)
4.5.6. Executing OPT_EXPR pass (perform const folding).
4.5.7. Executing OPT_MERGE pass (detect identical cells).
4.5.8. Executing OPT_DFF pass (perform DFF optimizations).
4.5.9. Executing OPT_CLEAN pass (remove unused cells and wires).
4.5.10. Finished fast OPT passes.
4.6. Executing HIERARCHY pass (managing design hierarchy).
4.6.1. Analyzing design hierarchy..
4.6.2. Analyzing design hierarchy..
4.7. Printing statistics.
4.8. Executing CHECK pass (checking for obvious problems).
5. Executing OPT pass (performing simple optimizations).
5.1. Executing OPT_EXPR pass (perform const folding).
5.2. Executing OPT_MERGE pass (detect identical cells).
5.3. Executing OPT_MUXTREE pass (detect dead branches in mux trees).
5.4. Executing OPT_REDUCE pass (consolidate $*mux and $reduce_* inputs).
5.5. Executing OPT_MERGE pass (detect identical cells).
5.6. Executing OPT_DFF pass (perform DFF optimizations).
5.7. Executing OPT_CLEAN pass (remove unused cells and wires).
5.8. Executing OPT_EXPR pass (perform const folding).
5.9. Rerunning OPT passes. (Maybe there is more to do..)
5.10. Executing OPT_MUXTREE pass (detect dead branches in mux trees).
5.11. Executing OPT_REDUCE pass (consolidate $*mux and $reduce_* inputs).
5.12. Executing OPT_MERGE pass (detect identical cells).
5.13. Executing OPT_DFF pass (perform DFF optimizations).
5.14. Executing OPT_CLEAN pass (remove unused cells and wires).
5.15. Executing OPT_EXPR pass (perform const folding).
5.16. Finished fast OPT passes. (There is nothing left to do.)
6. Executing EXTRACT_FA pass (find and extract full/half adders).
7. Executing TECHMAP pass (map to technology primitives).
7.1. Executing Verilog-2005 frontend: /home/hatch/workspace/rv32imc-cpu/tools/orfs/flow/platforms/sky130hd/cells_adders_hd.v
7.2. Continuing TECHMAP pass.
8. Executing TECHMAP pass (map to technology primitives).
8.1. Executing Verilog-2005 frontend: /home/hatch/workspace/rv32imc-cpu/tools/oss-cad-suite/lib/../share/yosys/techmap.v
8.2. Continuing TECHMAP pass.
9. Executing OPT pass (performing simple optimizations).
9.1. Executing OPT_EXPR pass (perform const folding).
9.2. Executing OPT_MERGE pass (detect identical cells).
9.3. Executing OPT_DFF pass (perform DFF optimizations).
9.4. Executing OPT_CLEAN pass (remove unused cells and wires).
9.5. Finished fast OPT passes.
10. Executing DFFLEGALIZE pass (convert FFs and LATCHes to types supported by the target).
11. Executing TECHMAP pass (map to technology primitives).
11.1. Executing Verilog-2005 frontend: /home/hatch/workspace/rv32imc-cpu/tools/orfs/flow/platforms/sky130hd/cells_latch_hd.v
11.2. Continuing TECHMAP pass.
12. Executing DFFLIBMAP pass (mapping DFF/DLATCH cells to sequential cells from liberty file).
12.1. Executing DFFLEGALIZE pass (convert FFs and LATCHes to types supported by the target).
13. Executing OPT pass (performing simple optimizations).
13.1. Executing OPT_EXPR pass (perform const folding).
13.2. Executing OPT_MERGE pass (detect identical cells).
13.3. Executing OPT_MUXTREE pass (detect dead branches in mux trees).
13.4. Executing OPT_REDUCE pass (consolidate $*mux and $reduce_* inputs).
13.5. Executing OPT_MERGE pass (detect identical cells).
13.6. Executing OPT_DFF pass (perform DFF optimizations).
13.7. Executing OPT_CLEAN pass (remove unused cells and wires).
13.8. Executing OPT_EXPR pass (perform const folding).
13.9. Rerunning OPT passes. (Maybe there is more to do..)
13.10. Executing OPT_MUXTREE pass (detect dead branches in mux trees).
13.11. Executing OPT_REDUCE pass (consolidate $*mux and $reduce_* inputs).
13.12. Executing OPT_MERGE pass (detect identical cells).
13.13. Executing OPT_DFF pass (perform DFF optimizations).
13.14. Executing OPT_CLEAN pass (remove unused cells and wires).
13.15. Executing OPT_EXPR pass (perform const folding).
13.16. Finished fast OPT passes. (There is nothing left to do.)
14. Executing SETUNDEF pass (replace undef values with defined constants).
abc -script /home/hatch/workspace/rv32imc-cpu/tools/orfs/flow/scripts/abc_area.script -liberty /home/hatch/workspace/rv32imc-cpu/tools/orfs/flow/platforms/sky130hd/lib/sky130_fd_sc_hd__tt_025C_1v80.lib -dont_use sky130_fd_sc_hd__probe_p_8 -dont_use sky130_fd_sc_hd__probec_p_8 -dont_use sky130_fd_sc_hd__lpflow_bleeder_1 -dont_use sky130_fd_sc_hd__lpflow_clkbufkapwr_1 -dont_use sky130_fd_sc_hd__lpflow_clkbufkapwr_16 -dont_use sky130_fd_sc_hd__lpflow_clkbufkapwr_2 -dont_use sky130_fd_sc_hd__lpflow_clkbufkapwr_4 -dont_use sky130_fd_sc_hd__lpflow_clkbufkapwr_8 -dont_use sky130_fd_sc_hd__lpflow_clkinvkapwr_1 -dont_use sky130_fd_sc_hd__lpflow_clkinvkapwr_16 -dont_use sky130_fd_sc_hd__lpflow_clkinvkapwr_2 -dont_use sky130_fd_sc_hd__lpflow_clkinvkapwr_4 -dont_use sky130_fd_sc_hd__lpflow_clkinvkapwr_8 -dont_use sky130_fd_sc_hd__lpflow_decapkapwr_12 -dont_use sky130_fd_sc_hd__lpflow_decapkapwr_3 -dont_use sky130_fd_sc_hd__lpflow_decapkapwr_4 -dont_use sky130_fd_sc_hd__lpflow_decapkapwr_6 -dont_use sky130_fd_sc_hd__lpflow_decapkapwr_8 -dont_use sky130_fd_sc_hd__lpflow_inputiso0n_1 -dont_use sky130_fd_sc_hd__lpflow_inputiso0p_1 -dont_use sky130_fd_sc_hd__lpflow_inputiso1n_1 -dont_use sky130_fd_sc_hd__lpflow_inputiso1p_1 -dont_use sky130_fd_sc_hd__lpflow_inputisolatch_1 -dont_use sky130_fd_sc_hd__lpflow_isobufsrc_1 -dont_use sky130_fd_sc_hd__lpflow_isobufsrc_16 -dont_use sky130_fd_sc_hd__lpflow_isobufsrc_2 -dont_use sky130_fd_sc_hd__lpflow_isobufsrc_4 -dont_use sky130_fd_sc_hd__lpflow_isobufsrc_8 -dont_use sky130_fd_sc_hd__lpflow_isobufsrckapwr_16 -dont_use sky130_fd_sc_hd__lpflow_lsbuf_lh_hl_isowell_tap_1 -dont_use sky130_fd_sc_hd__lpflow_lsbuf_lh_hl_isowell_tap_2 -dont_use sky130_fd_sc_hd__lpflow_lsbuf_lh_hl_isowell_tap_4 -dont_use sky130_fd_sc_hd__lpflow_lsbuf_lh_isowell_4 -dont_use sky130_fd_sc_hd__lpflow_lsbuf_lh_isowell_tap_1 -dont_use sky130_fd_sc_hd__lpflow_lsbuf_lh_isowell_tap_2 -dont_use sky130_fd_sc_hd__lpflow_lsbuf_lh_isowell_tap_4 -constr ./objects/sky130hd/rv32imc_top/base/abc.constr -D 10.0
15. Executing ABC pass (technology mapping using ABC).
15.1. Summary of detected clock domains:
15.2. Extracting gate netlist of module `\rv32imc_top' to `<abc-temp-dir>/input.blif'..
15.2.1. Executed ABC.
15.2.2. Re-integrating ABC results.
Took 24 seconds: abc -script /home/hatch/workspace/rv32imc-cpu/tools/orfs/flow/scripts/abc_area.script -liberty /home/hatch/workspace/rv32imc-cpu/tools/orfs/flow/platforms/sky130hd/lib/sky130_fd_sc_hd__tt_025C_1v80.lib -dont_use sky130_fd_sc_hd__probe_p_8 -dont_use sky130_fd_sc_hd__probec_p_8 -dont_use sky130_fd_sc_hd__lpflow_bleeder_1 -dont_use sky130_fd_sc_hd__lpflow_clkbufkapwr_1 -dont_use sky130_fd_sc_hd__lpflow_clkbufkapwr_16 -dont_use sky130_fd_sc_hd__lpflow_clkbufkapwr_2 -dont_use sky130_fd_sc_hd__lpflow_clkbufkapwr_4 -dont_use sky130_fd_sc_hd__lpflow_clkbufkapwr_8 -dont_use sky130_fd_sc_hd__lpflow_clkinvkapwr_1 -dont_use sky130_fd_sc_hd__lpflow_clkinvkapwr_16 -dont_use sky130_fd_sc_hd__lpflow_clkinvkapwr_2 -dont_use sky130_fd_sc_hd__lpflow_clkinvkapwr_4 -dont_use sky130_fd_sc_hd__lpflow_clkinvkapwr_8 -dont_use sky130_fd_sc_hd__lpflow_decapkapwr_12 -dont_use sky130_fd_sc_hd__lpflow_decapkapwr_3 -dont_use sky130_fd_sc_hd__lpflow_decapkapwr_4 -dont_use sky130_fd_sc_hd__lpflow_decapkapwr_6 -dont_use sky130_fd_sc_hd__lpflow_decapkapwr_8 -dont_use sky130_fd_sc_hd__lpflow_inputiso0n_1 -dont_use sky130_fd_sc_hd__lpflow_inputiso0p_1 -dont_use sky130_fd_sc_hd__lpflow_inputiso1n_1 -dont_use sky130_fd_sc_hd__lpflow_inputiso1p_1 -dont_use sky130_fd_sc_hd__lpflow_inputisolatch_1 -dont_use sky130_fd_sc_hd__lpflow_isobufsrc_1 -dont_use sky130_fd_sc_hd__lpflow_isobufsrc_16 -dont_use sky130_fd_sc_hd__lpflow_isobufsrc_2 -dont_use sky130_fd_sc_hd__lpflow_isobufsrc_4 -dont_use sky130_fd_sc_hd__lpflow_isobufsrc_8 -dont_use sky130_fd_sc_hd__lpflow_isobufsrckapwr_16 -dont_use sky130_fd_sc_hd__lpflow_lsbuf_lh_hl_isowell_tap_1 -dont_use sky130_fd_sc_hd__lpflow_lsbuf_lh_hl_isowell_tap_2 -dont_use sky130_fd_sc_hd__lpflow_lsbuf_lh_hl_isowell_tap_4 -dont_use sky130_fd_sc_hd__lpflow_lsbuf_lh_isowell_4 -dont_use sky130_fd_sc_hd__lpflow_lsbuf_lh_isowell_tap_1 -dont_use sky130_fd_sc_hd__lpflow_lsbuf_lh_isowell_tap_2 -dont_use sky130_fd_sc_hd__lpflow_lsbuf_lh_isowell_tap_4 -constr ./objects/sky130hd/rv32imc_top/base/abc.constr -D 10.0
16. Executing SPLITNETS pass (splitting up multi-bit signals).
17. Executing OPT_CLEAN pass (remove unused cells and wires).
18. Executing HILOMAP pass (mapping to constant drivers).
19. Executing INSBUF pass (insert buffer cells for connected wires).
20. Executing CHECK pass (checking for obvious problems).
21. Printing statistics.
22. Executing CHECK pass (checking for obvious problems).
23. Executing Verilog backend.
23.1. Executing BMUXMAP pass.
23.2. Executing DEMUXMAP pass.
End of script. Logfile hash: 88ed73fe2f, time: 43.64s, user: 17.97s, system: 1.77s, MEM: 170.39 MB peak
Yosys 0.69+75 (git sha1 f0b945f63-dirty, Release, Clang /usr/bin/clang++ 21.1.8)
Time spent: 56% 1x abc (24 sec), 16% 1x extract_fa (7 sec), ...
Elapsed time: 0:43.74[h:]min:sec. CPU time: user 41.23 sys 2.74 (100%). Peak memory: 258600KB.
Log                       Ext     Elapsed/s Peak Memory/MB sha1sum result [0:20)
1_2_yosys                 .v             43            252 a8f3b28c941418b79cbe
1_2_yosys                 .sdc                             1ff66f8aa28c085d89cf
cp /home/hatch/workspace/rv32imc-cpu/pnr/design/rv32imc_top//constraint.sdc results/sky130hd/rv32imc_top/base/1_2_yosys.sdc
touch -r /home/hatch/workspace/rv32imc-cpu/pnr/design/rv32imc_top//constraint.sdc results/sky130hd/rv32imc_top/base/1_2_yosys.sdc
/home/hatch/workspace/rv32imc-cpu/tools/orfs/flow/scripts/flow.sh 1_synth synth_odb
Running synth_odb.tcl, stage 1_synth
read_liberty /home/hatch/workspace/rv32imc-cpu/tools/orfs/flow/platforms/sky130hd/lib/sky130_fd_sc_hd__tt_025C_1v80.lib
[INFO ODB-0227] LEF file: /home/hatch/workspace/rv32imc-cpu/tools/orfs/flow/platforms/sky130hd/lef/sky130_fd_sc_hd.tlef, created 13 layers, 25 vias
[INFO ODB-0227] LEF file: /home/hatch/workspace/rv32imc-cpu/tools/orfs/flow/platforms/sky130hd/lef/sky130_fd_sc_hd_merged.lef, created 441 library cells
link_design rv32imc_top
read_sdc ./results/sky130hd/rv32imc_top/base/1_2_yosys.sdc
source /home/hatch/workspace/rv32imc-cpu/tools/orfs/flow/platforms/sky130hd/setRC.tcl
eliminate_dead_logic
Removed 0 unused instances and 0 unused nets.
Design area 197975 um^2 100% utilization.
write_db ./results/sky130hd/rv32imc_top/base/1_synth.odb
write_sdc -no_timestamp ./results/sky130hd/rv32imc_top/base/1_synth.sdc
Elapsed time: 0:02.18[h:]min:sec. CPU time: user 1.58 sys 0.48 (94%). Peak memory: 186204KB.
Log                       Ext     Elapsed/s Peak Memory/MB sha1sum result [0:20)
1_synth                   .odb            2            181 61d510186a10d3b20665
1_synth                   .sdc                             fa23271043a105bfb7a5
/home/hatch/workspace/rv32imc-cpu/tools/orfs/flow/scripts/flow.sh 2_1_floorplan floorplan
Running floorplan.tcl, stage 2_1_floorplan
read_liberty /home/hatch/workspace/rv32imc-cpu/tools/orfs/flow/platforms/sky130hd/lib/sky130_fd_sc_hd__tt_025C_1v80.lib
read_db ./results/sky130hd/rv32imc_top/base/1_synth.odb
read_sdc ./results/sky130hd/rv32imc_top/base/1_synth.sdc
source /home/hatch/workspace/rv32imc-cpu/tools/orfs/flow/platforms/sky130hd/setRC.tcl
Master sky130_ef_sc_hd__decap_12 is loaded but not used in the design

==========================================================================
Floorplan check_setup
--------------------------------------------------------------------------
Warning: There is 1 input port missing set_input_delay.
number instances in verilog is 22197
initialize_floorplan -utilization 45 -aspect_ratio 1 -core_space 2 -site unithd
[INFO IFP-0107] Defining die area using utilization: 45.00% and aspect ratio: 1.
[WARNING IFP-0028] Core area lower left (2.000, 2.000) snapped to (2.300, 2.720).
[INFO IFP-0001] Added 243 rows of 1441 site unithd.
[INFO IFP-0100] Die BBox:  (  0.000  0.000 ) ( 667.280 667.280 ) um
[INFO IFP-0101] Core BBox: (  2.300  2.720 ) ( 665.160 663.680 ) um
[INFO IFP-0102] Core area:                       438123.946 um^2
[INFO IFP-0103] Total instances area:            197974.874 um^2
[INFO IFP-0104] Effective utilization:                0.452
[INFO IFP-0105] Number of instances:                  22197
source /home/hatch/workspace/rv32imc-cpu/tools/orfs/flow/platforms/sky130hd/make_tracks.tcl
source /home/hatch/workspace/rv32imc-cpu/tools/orfs/flow/platforms/sky130hd/fastroute.tcl
set_dont_use "sky130_fd_sc_hd__probe_p_8 sky130_fd_sc_hd__probec_p_8 sky130_fd_sc_hd__lpflow_bleeder_1 sky130_fd_sc_hd__lpflow_clkbufkapwr_1 sky130_fd_sc_hd__lpflow_clkbufkapwr_16 sky130_fd_sc_hd__lpflow_clkbufkapwr_2 sky130_fd_sc_hd__lpflow_clkbufkapwr_4 sky130_fd_sc_hd__lpflow_clkbufkapwr_8 sky130_fd_sc_hd__lpflow_clkinvkapwr_1 sky130_fd_sc_hd__lpflow_clkinvkapwr_16 sky130_fd_sc_hd__lpflow_clkinvkapwr_2 sky130_fd_sc_hd__lpflow_clkinvkapwr_4 sky130_fd_sc_hd__lpflow_clkinvkapwr_8 sky130_fd_sc_hd__lpflow_decapkapwr_12 sky130_fd_sc_hd__lpflow_decapkapwr_3 sky130_fd_sc_hd__lpflow_decapkapwr_4 sky130_fd_sc_hd__lpflow_decapkapwr_6 sky130_fd_sc_hd__lpflow_decapkapwr_8 sky130_fd_sc_hd__lpflow_inputiso0n_1 sky130_fd_sc_hd__lpflow_inputiso0p_1 sky130_fd_sc_hd__lpflow_inputiso1n_1 sky130_fd_sc_hd__lpflow_inputiso1p_1 sky130_fd_sc_hd__lpflow_inputisolatch_1 sky130_fd_sc_hd__lpflow_isobufsrc_1 sky130_fd_sc_hd__lpflow_isobufsrc_16 sky130_fd_sc_hd__lpflow_isobufsrc_2 sky130_fd_sc_hd__lpflow_isobufsrc_4 sky130_fd_sc_hd__lpflow_isobufsrc_8 sky130_fd_sc_hd__lpflow_isobufsrckapwr_16 sky130_fd_sc_hd__lpflow_lsbuf_lh_hl_isowell_tap_1 sky130_fd_sc_hd__lpflow_lsbuf_lh_hl_isowell_tap_2 sky130_fd_sc_hd__lpflow_lsbuf_lh_hl_isowell_tap_4 sky130_fd_sc_hd__lpflow_lsbuf_lh_isowell_4 sky130_fd_sc_hd__lpflow_lsbuf_lh_isowell_tap_1 sky130_fd_sc_hd__lpflow_lsbuf_lh_isowell_tap_2 sky130_fd_sc_hd__lpflow_lsbuf_lh_isowell_tap_4"
repair_tie_fanout -separation 0 sky130_fd_sc_hd__tt_025C_1v80/sky130_fd_sc_hd__conb_1/LO
[INFO RSZ-0042] Inserted 34 tie sky130_fd_sc_hd__conb_1 instances.
repair_tie_fanout -separation 0 sky130_fd_sc_hd__tt_025C_1v80/sky130_fd_sc_hd__conb_1/HI
repair_timing -setup_margin -0.05 -hold_margin 0 -repair_tns 100 -match_cell_footprint -setup -skip_last_gasp -sequence unbuffer,sizeup,swap,vt_swap -verbose
[WARNING EST-0027] no estimated parasitics. Using wire load models.
[INFO RSZ-0100] Repair move sequence: UnbufferMove SizeUpMove SwapPinsMove 
[INFO RSZ-0094] Found 201 endpoints with setup violations.
[INFO RSZ-0099] Repairing 201 out of 201 (100.00%) violating endpoints...
   Iter   | Removed | Resized | Inserted | Cloned |  Pin  |   Area   |    WNS   |   StTNS    |   EnTNS    |  Viol  |  Worst  
          | Buffers |  Gates  | Buffers  |  Gates | Swaps |          |          |            |            | Endpts | St/EnPt 
------------------------------------------------------------------------------------------------------------------------------
       0* |       0 |       0 |        0 |      0 |     0 |    +0.0% |   -0.075 |       -0.2 |      -15.0 |    201 | id_ex_alu_op\[0\]$_SDFFCE_PN0P_/DE
       2* |       0 |       1 |        0 |      0 |     0 |    +0.0% |    0.563 |        0.0 |        0.0 |    201 | ex_mem_alu_result\[0\]$_DFFE_PP_/DE
       3* |       0 |       1 |        0 |      0 |     0 |    +0.0% |    0.563 |        0.0 |        0.0 |    201 | ex_mem_alu_result\[0\]$_DFFE_PP_/DE
       4* |       0 |       1 |        0 |      0 |     0 |    +0.0% |    0.563 |        0.0 |        0.0 |    201 | ex_mem_alu_result\[0\]$_DFFE_PP_/DE
       5* |       0 |       1 |        0 |      0 |     0 |    +0.0% |    0.563 |        0.0 |        0.0 |    201 | ex_mem_alu_result\[0\]$_DFFE_PP_/DE
       6* |       0 |       1 |        0 |      0 |     0 |    +0.0% |    0.563 |        0.0 |        0.0 |    201 | ex_mem_alu_result\[0\]$_DFFE_PP_/DE
       7* |       0 |       1 |        0 |      0 |     0 |    +0.0% |    0.563 |        0.0 |        0.0 |    201 | ex_mem_alu_result\[0\]$_DFFE_PP_/DE
       8* |       0 |       1 |        0 |      0 |     0 |    +0.0% |    0.563 |        0.0 |        0.0 |    201 | ex_mem_alu_result\[0\]$_DFFE_PP_/DE
       9* |       0 |       1 |        0 |      0 |     0 |    +0.0% |    0.563 |        0.0 |        0.0 |    201 | ex_mem_alu_result\[0\]$_DFFE_PP_/DE
      10* |       0 |       1 |        0 |      0 |     0 |    +0.0% |    0.563 |        0.0 |        0.0 |    201 | ex_mem_alu_result\[0\]$_DFFE_PP_/DE
      10* |       0 |       1 |        0 |      0 |     0 |    +0.0% |    0.563 |        0.0 |        0.0 |    201 | ex_mem_alu_result\[0\]$_DFFE_PP_/DE
      11* |       0 |       1 |        0 |      0 |     0 |    +0.0% |    0.563 |        0.0 |        0.0 |    201 | ex_mem_alu_result\[0\]$_DFFE_PP_/DE
      12* |       0 |       1 |        0 |      0 |     0 |    +0.0% |    0.563 |        0.0 |        0.0 |    201 | ex_mem_alu_result\[0\]$_DFFE_PP_/DE
      13* |       0 |       1 |        0 |      0 |     0 |    +0.0% |    0.563 |        0.0 |        0.0 |    201 | ex_mem_alu_result\[0\]$_DFFE_PP_/DE
      14* |       0 |       1 |        0 |      0 |     0 |    +0.0% |    0.563 |        0.0 |        0.0 |    201 | ex_mem_alu_result\[0\]$_DFFE_PP_/DE
      15* |       0 |       1 |        0 |      0 |     0 |    +0.0% |    0.563 |        0.0 |        0.0 |    201 | ex_mem_alu_result\[0\]$_DFFE_PP_/DE
      16* |       0 |       1 |        0 |      0 |     0 |    +0.0% |    0.563 |        0.0 |        0.0 |    201 | ex_mem_alu_result\[0\]$_DFFE_PP_/DE
      17* |       0 |       1 |        0 |      0 |     0 |    +0.0% |    0.563 |        0.0 |        0.0 |    201 | ex_mem_alu_result\[0\]$_DFFE_PP_/DE
      18* |       0 |       1 |        0 |      0 |     0 |    +0.0% |    0.563 |        0.0 |        0.0 |    201 | ex_mem_alu_result\[0\]$_DFFE_PP_/DE
      19* |       0 |       1 |        0 |      0 |     0 |    +0.0% |    0.563 |        0.0 |        0.0 |    201 | ex_mem_alu_result\[0\]$_DFFE_PP_/DE
      20* |       0 |       1 |        0 |      0 |     0 |    +0.0% |    0.563 |        0.0 |        0.0 |    201 | ex_mem_alu_result\[0\]$_DFFE_PP_/DE
      20* |       0 |       1 |        0 |      0 |     0 |    +0.0% |    0.563 |        0.0 |        0.0 |    201 | ex_mem_alu_result\[0\]$_DFFE_PP_/DE
      21* |       0 |       1 |        0 |      0 |     0 |    +0.0% |    0.563 |        0.0 |        0.0 |    201 | ex_mem_alu_result\[0\]$_DFFE_PP_/DE
      22* |       0 |       1 |        0 |      0 |     0 |    +0.0% |    0.563 |        0.0 |        0.0 |    201 | ex_mem_alu_result\[0\]$_DFFE_PP_/DE
      23* |       0 |       1 |        0 |      0 |     0 |    +0.0% |    0.563 |        0.0 |        0.0 |    201 | ex_mem_alu_result\[0\]$_DFFE_PP_/DE
      24* |       0 |       1 |        0 |      0 |     0 |    +0.0% |    0.563 |        0.0 |        0.0 |    201 | ex_mem_alu_result\[0\]$_DFFE_PP_/DE
      25* |       0 |       1 |        0 |      0 |     0 |    +0.0% |    0.563 |        0.0 |        0.0 |    201 | ex_mem_alu_result\[0\]$_DFFE_PP_/DE
      26* |       0 |       1 |        0 |      0 |     0 |    +0.0% |    0.563 |        0.0 |        0.0 |    201 | ex_mem_alu_result\[0\]$_DFFE_PP_/DE
      27* |       0 |       1 |        0 |      0 |     0 |    +0.0% |    0.563 |        0.0 |        0.0 |    201 | ex_mem_alu_result\[0\]$_DFFE_PP_/DE
      28* |       0 |       1 |        0 |      0 |     0 |    +0.0% |    0.563 |        0.0 |        0.0 |    201 | ex_mem_alu_result\[0\]$_DFFE_PP_/DE
      29* |       0 |       1 |        0 |      0 |     0 |    +0.0% |    0.563 |        0.0 |        0.0 |    201 | ex_mem_alu_result\[0\]$_DFFE_PP_/DE
      30* |       0 |       1 |        0 |      0 |     0 |    +0.0% |    0.563 |        0.0 |        0.0 |    201 | ex_mem_alu_result\[0\]$_DFFE_PP_/DE
      30* |       0 |       1 |        0 |      0 |     0 |    +0.0% |    0.563 |        0.0 |        0.0 |    201 | ex_mem_alu_result\[0\]$_DFFE_PP_/DE
      31* |       0 |       1 |        0 |      0 |     0 |    +0.0% |    0.563 |        0.0 |        0.0 |    201 | ex_mem_alu_result\[0\]$_DFFE_PP_/DE
      32* |       0 |       1 |        0 |      0 |     0 |    +0.0% |    0.563 |        0.0 |        0.0 |    201 | ex_mem_alu_result\[0\]$_DFFE_PP_/DE
      33* |       0 |       1 |        0 |      0 |     0 |    +0.0% |    0.563 |        0.0 |        0.0 |    201 | ex_mem_alu_result\[0\]$_DFFE_PP_/DE
      34* |       0 |       1 |        0 |      0 |     0 |    +0.0% |    0.563 |        0.0 |        0.0 |    201 | ex_mem_alu_result\[0\]$_DFFE_PP_/DE
      35* |       0 |       1 |        0 |      0 |     0 |    +0.0% |    0.563 |        0.0 |        0.0 |    201 | ex_mem_alu_result\[0\]$_DFFE_PP_/DE
      36* |       0 |       1 |        0 |      0 |     0 |    +0.0% |    0.563 |        0.0 |        0.0 |    201 | ex_mem_alu_result\[0\]$_DFFE_PP_/DE
      37* |       0 |       1 |        0 |      0 |     0 |    +0.0% |    0.563 |        0.0 |        0.0 |    201 | ex_mem_alu_result\[0\]$_DFFE_PP_/DE
      38* |       0 |       1 |        0 |      0 |     0 |    +0.0% |    0.563 |        0.0 |        0.0 |    201 | ex_mem_alu_result\[0\]$_DFFE_PP_/DE
      39* |       0 |       1 |        0 |      0 |     0 |    +0.0% |    0.563 |        0.0 |        0.0 |    201 | ex_mem_alu_result\[0\]$_DFFE_PP_/DE
      40* |       0 |       1 |        0 |      0 |     0 |    +0.0% |    0.563 |        0.0 |        0.0 |    201 | ex_mem_alu_result\[0\]$_DFFE_PP_/DE
      40* |       0 |       1 |        0 |      0 |     0 |    +0.0% |    0.563 |        0.0 |        0.0 |    201 | ex_mem_alu_result\[0\]$_DFFE_PP_/DE
      41* |       0 |       1 |        0 |      0 |     0 |    +0.0% |    0.563 |        0.0 |        0.0 |    201 | ex_mem_alu_result\[0\]$_DFFE_PP_/DE
      42* |       0 |       1 |        0 |      0 |     0 |    +0.0% |    0.563 |        0.0 |        0.0 |    201 | ex_mem_alu_result\[0\]$_DFFE_PP_/DE
      43* |       0 |       1 |        0 |      0 |     0 |    +0.0% |    0.563 |        0.0 |        0.0 |    201 | ex_mem_alu_result\[0\]$_DFFE_PP_/DE
      44* |       0 |       1 |        0 |      0 |     0 |    +0.0% |    0.563 |        0.0 |        0.0 |    201 | ex_mem_alu_result\[0\]$_DFFE_PP_/DE
      45* |       0 |       1 |        0 |      0 |     0 |    +0.0% |    0.563 |        0.0 |        0.0 |    201 | ex_mem_alu_result\[0\]$_DFFE_PP_/DE
      46* |       0 |       1 |        0 |      0 |     0 |    +0.0% |    0.563 |        0.0 |        0.0 |    201 | ex_mem_alu_result\[0\]$_DFFE_PP_/DE
      47* |       0 |       1 |        0 |      0 |     0 |    +0.0% |    0.563 |        0.0 |        0.0 |    201 | ex_mem_alu_result\[0\]$_DFFE_PP_/DE
      48* |       0 |       1 |        0 |      0 |     0 |    +0.0% |    0.563 |        0.0 |        0.0 |    201 | ex_mem_alu_result\[0\]$_DFFE_PP_/DE
      49* |       0 |       1 |        0 |      0 |     0 |    +0.0% |    0.563 |        0.0 |        0.0 |    201 | ex_mem_alu_result\[0\]$_DFFE_PP_/DE
      50* |       0 |       1 |        0 |      0 |     0 |    +0.0% |    0.563 |        0.0 |        0.0 |    201 | ex_mem_alu_result\[0\]$_DFFE_PP_/DE
      50* |       0 |       1 |        0 |      0 |     0 |    +0.0% |    0.563 |        0.0 |        0.0 |    201 | ex_mem_alu_result\[0\]$_DFFE_PP_/DE
      51* |       0 |       1 |        0 |      0 |     0 |    +0.0% |    0.563 |        0.0 |        0.0 |    201 | ex_mem_alu_result\[0\]$_DFFE_PP_/DE
      52* |       0 |       1 |        0 |      0 |     0 |    +0.0% |    0.563 |        0.0 |        0.0 |    201 | ex_mem_alu_result\[0\]$_DFFE_PP_/DE
      53* |       0 |       1 |        0 |      0 |     0 |    +0.0% |    0.563 |        0.0 |        0.0 |    201 | ex_mem_alu_result\[0\]$_DFFE_PP_/DE
      54* |       0 |       1 |        0 |      0 |     0 |    +0.0% |    0.563 |        0.0 |        0.0 |    201 | ex_mem_alu_result\[0\]$_DFFE_PP_/DE
      55* |       0 |       1 |        0 |      0 |     0 |    +0.0% |    0.563 |        0.0 |        0.0 |    201 | ex_mem_alu_result\[0\]$_DFFE_PP_/DE
      56* |       0 |       1 |        0 |      0 |     0 |    +0.0% |    0.563 |        0.0 |        0.0 |    201 | ex_mem_alu_result\[0\]$_DFFE_PP_/DE
      57* |       0 |       1 |        0 |      0 |     0 |    +0.0% |    0.563 |        0.0 |        0.0 |    201 | ex_mem_alu_result\[0\]$_DFFE_PP_/DE
      58* |       0 |       1 |        0 |      0 |     0 |    +0.0% |    0.563 |        0.0 |        0.0 |    201 | ex_mem_alu_result\[0\]$_DFFE_PP_/DE
      59* |       0 |       1 |        0 |      0 |     0 |    +0.0% |    0.563 |        0.0 |        0.0 |    201 | ex_mem_alu_result\[0\]$_DFFE_PP_/DE
      60* |       0 |       1 |        0 |      0 |     0 |    +0.0% |    0.563 |        0.0 |        0.0 |    201 | ex_mem_alu_result\[0\]$_DFFE_PP_/DE
      60* |       0 |       1 |        0 |      0 |     0 |    +0.0% |    0.563 |        0.0 |        0.0 |    201 | ex_mem_alu_result\[0\]$_DFFE_PP_/DE
      61* |       0 |       1 |        0 |      0 |     0 |    +0.0% |    0.563 |        0.0 |        0.0 |    201 | ex_mem_alu_result\[0\]$_DFFE_PP_/DE
      62* |       0 |       1 |        0 |      0 |     0 |    +0.0% |    0.563 |        0.0 |        0.0 |    201 | ex_mem_alu_result\[0\]$_DFFE_PP_/DE
      63* |       0 |       1 |        0 |      0 |     0 |    +0.0% |    0.563 |        0.0 |        0.0 |    201 | ex_mem_alu_result\[0\]$_DFFE_PP_/DE
      64* |       0 |       1 |        0 |      0 |     0 |    +0.0% |    0.563 |        0.0 |        0.0 |    201 | ex_mem_alu_result\[0\]$_DFFE_PP_/DE
      65* |       0 |       1 |        0 |      0 |     0 |    +0.0% |    0.563 |        0.0 |        0.0 |    201 | ex_mem_alu_result\[0\]$_DFFE_PP_/DE
      66* |       0 |       1 |        0 |      0 |     0 |    +0.0% |    0.563 |        0.0 |        0.0 |    201 | ex_mem_alu_result\[0\]$_DFFE_PP_/DE
      67* |       0 |       1 |        0 |      0 |     0 |    +0.0% |    0.563 |        0.0 |        0.0 |    201 | ex_mem_alu_result\[0\]$_DFFE_PP_/DE
      68* |       0 |       1 |        0 |      0 |     0 |    +0.0% |    0.563 |        0.0 |        0.0 |    201 | ex_mem_alu_result\[0\]$_DFFE_PP_/DE
      69* |       0 |       1 |        0 |      0 |     0 |    +0.0% |    0.563 |        0.0 |        0.0 |    201 | ex_mem_alu_result\[0\]$_DFFE_PP_/DE
      70* |       0 |       1 |        0 |      0 |     0 |    +0.0% |    0.563 |        0.0 |        0.0 |    201 | ex_mem_alu_result\[0\]$_DFFE_PP_/DE
      70* |       0 |       1 |        0 |      0 |     0 |    +0.0% |    0.563 |        0.0 |        0.0 |    201 | ex_mem_alu_result\[0\]$_DFFE_PP_/DE
      71* |       0 |       1 |        0 |      0 |     0 |    +0.0% |    0.563 |        0.0 |        0.0 |    201 | ex_mem_alu_result\[0\]$_DFFE_PP_/DE
      72* |       0 |       1 |        0 |      0 |     0 |    +0.0% |    0.563 |        0.0 |        0.0 |    201 | ex_mem_alu_result\[0\]$_DFFE_PP_/DE
      73* |       0 |       1 |        0 |      0 |     0 |    +0.0% |    0.563 |        0.0 |        0.0 |    201 | ex_mem_alu_result\[0\]$_DFFE_PP_/DE
      74* |       0 |       1 |        0 |      0 |     0 |    +0.0% |    0.563 |        0.0 |        0.0 |    201 | ex_mem_alu_result\[0\]$_DFFE_PP_/DE
      75* |       0 |       1 |        0 |      0 |     0 |    +0.0% |    0.563 |        0.0 |        0.0 |    201 | ex_mem_alu_result\[0\]$_DFFE_PP_/DE
      76* |       0 |       1 |        0 |      0 |     0 |    +0.0% |    0.563 |        0.0 |        0.0 |    201 | ex_mem_alu_result\[0\]$_DFFE_PP_/DE
      77* |       0 |       1 |        0 |      0 |     0 |    +0.0% |    0.563 |        0.0 |        0.0 |    201 | ex_mem_alu_result\[0\]$_DFFE_PP_/DE
      78* |       0 |       1 |        0 |      0 |     0 |    +0.0% |    0.563 |        0.0 |        0.0 |    201 | ex_mem_alu_result\[0\]$_DFFE_PP_/DE
      79* |       0 |       1 |        0 |      0 |     0 |    +0.0% |    0.563 |        0.0 |        0.0 |    201 | ex_mem_alu_result\[0\]$_DFFE_PP_/DE
      80* |       0 |       1 |        0 |      0 |     0 |    +0.0% |    0.563 |        0.0 |        0.0 |    201 | ex_mem_alu_result\[0\]$_DFFE_PP_/DE
      80* |       0 |       1 |        0 |      0 |     0 |    +0.0% |    0.563 |        0.0 |        0.0 |    201 | ex_mem_alu_result\[0\]$_DFFE_PP_/DE
      81* |       0 |       1 |        0 |      0 |     0 |    +0.0% |    0.563 |        0.0 |        0.0 |    201 | ex_mem_alu_result\[0\]$_DFFE_PP_/DE
      82* |       0 |       1 |        0 |      0 |     0 |    +0.0% |    0.563 |        0.0 |        0.0 |    201 | ex_mem_alu_result\[0\]$_DFFE_PP_/DE
      83* |       0 |       1 |        0 |      0 |     0 |    +0.0% |    0.563 |        0.0 |        0.0 |    201 | ex_mem_alu_result\[0\]$_DFFE_PP_/DE
      84* |       0 |       1 |        0 |      0 |     0 |    +0.0% |    0.563 |        0.0 |        0.0 |    201 | ex_mem_alu_result\[0\]$_DFFE_PP_/DE
      85* |       0 |       1 |        0 |      0 |     0 |    +0.0% |    0.563 |        0.0 |        0.0 |    201 | ex_mem_alu_result\[0\]$_DFFE_PP_/DE
      86* |       0 |       1 |        0 |      0 |     0 |    +0.0% |    0.563 |        0.0 |        0.0 |    201 | ex_mem_alu_result\[0\]$_DFFE_PP_/DE
      87* |       0 |       1 |        0 |      0 |     0 |    +0.0% |    0.563 |        0.0 |        0.0 |    201 | ex_mem_alu_result\[0\]$_DFFE_PP_/DE
      88* |       0 |       1 |        0 |      0 |     0 |    +0.0% |    0.563 |        0.0 |        0.0 |    201 | ex_mem_alu_result\[0\]$_DFFE_PP_/DE
      89* |       0 |       1 |        0 |      0 |     0 |    +0.0% |    0.563 |        0.0 |        0.0 |    201 | ex_mem_alu_result\[0\]$_DFFE_PP_/DE
      90* |       0 |       1 |        0 |      0 |     0 |    +0.0% |    0.563 |        0.0 |        0.0 |    201 | ex_mem_alu_result\[0\]$_DFFE_PP_/DE
      90* |       0 |       1 |        0 |      0 |     0 |    +0.0% |    0.563 |        0.0 |        0.0 |    201 | ex_mem_alu_result\[0\]$_DFFE_PP_/DE
      91* |       0 |       1 |        0 |      0 |     0 |    +0.0% |    0.563 |        0.0 |        0.0 |    201 | ex_mem_alu_result\[0\]$_DFFE_PP_/DE
      92* |       0 |       1 |        0 |      0 |     0 |    +0.0% |    0.563 |        0.0 |        0.0 |    201 | ex_mem_alu_result\[0\]$_DFFE_PP_/DE
      93* |       0 |       1 |        0 |      0 |     0 |    +0.0% |    0.563 |        0.0 |        0.0 |    201 | ex_mem_alu_result\[0\]$_DFFE_PP_/DE
      94* |       0 |       1 |        0 |      0 |     0 |    +0.0% |    0.563 |        0.0 |        0.0 |    201 | ex_mem_alu_result\[0\]$_DFFE_PP_/DE
      95* |       0 |       1 |        0 |      0 |     0 |    +0.0% |    0.563 |        0.0 |        0.0 |    201 | ex_mem_alu_result\[0\]$_DFFE_PP_/DE
      96* |       0 |       1 |        0 |      0 |     0 |    +0.0% |    0.563 |        0.0 |        0.0 |    201 | ex_mem_alu_result\[0\]$_DFFE_PP_/DE
      97* |       0 |       1 |        0 |      0 |     0 |    +0.0% |    0.563 |        0.0 |        0.0 |    201 | ex_mem_alu_result\[0\]$_DFFE_PP_/DE
      98* |       0 |       1 |        0 |      0 |     0 |    +0.0% |    0.563 |        0.0 |        0.0 |    201 | ex_mem_alu_result\[0\]$_DFFE_PP_/DE
      99* |       0 |       1 |        0 |      0 |     0 |    +0.0% |    0.563 |        0.0 |        0.0 |    201 | ex_mem_alu_result\[0\]$_DFFE_PP_/DE
     100* |       0 |       1 |        0 |      0 |     0 |    +0.0% |    0.563 |        0.0 |        0.0 |    201 | ex_mem_alu_result\[0\]$_DFFE_PP_/DE
     100* |       0 |       1 |        0 |      0 |     0 |    +0.0% |    0.563 |        0.0 |        0.0 |    201 | ex_mem_alu_result\[0\]$_DFFE_PP_/DE
     101* |       0 |       1 |        0 |      0 |     0 |    +0.0% |    0.563 |        0.0 |        0.0 |    201 | ex_mem_alu_result\[0\]$_DFFE_PP_/DE
     102* |       0 |       1 |        0 |      0 |     0 |    +0.0% |    0.563 |        0.0 |        0.0 |    201 | ex_mem_alu_result\[0\]$_DFFE_PP_/DE
     103* |       0 |       1 |        0 |      0 |     0 |    +0.0% |    0.563 |        0.0 |        0.0 |    201 | ex_mem_alu_result\[0\]$_DFFE_PP_/DE
     104* |       0 |       1 |        0 |      0 |     0 |    +0.0% |    0.563 |        0.0 |        0.0 |    201 | ex_mem_alu_result\[0\]$_DFFE_PP_/DE
     105* |       0 |       1 |        0 |      0 |     0 |    +0.0% |    0.563 |        0.0 |        0.0 |    201 | ex_mem_alu_result\[0\]$_DFFE_PP_/DE
     106* |       0 |       1 |        0 |      0 |     0 |    +0.0% |    0.563 |        0.0 |        0.0 |    201 | ex_mem_alu_result\[0\]$_DFFE_PP_/DE
     107* |       0 |       1 |        0 |      0 |     0 |    +0.0% |    0.563 |        0.0 |        0.0 |    201 | ex_mem_alu_result\[0\]$_DFFE_PP_/DE
     108* |       0 |       1 |        0 |      0 |     0 |    +0.0% |    0.563 |        0.0 |        0.0 |    201 | ex_mem_alu_result\[0\]$_DFFE_PP_/DE
     109* |       0 |       1 |        0 |      0 |     0 |    +0.0% |    0.563 |        0.0 |        0.0 |    201 | ex_mem_alu_result\[0\]$_DFFE_PP_/DE
     110* |       0 |       1 |        0 |      0 |     0 |    +0.0% |    0.563 |        0.0 |        0.0 |    201 | ex_mem_alu_result\[0\]$_DFFE_PP_/DE
     110* |       0 |       1 |        0 |      0 |     0 |    +0.0% |    0.563 |        0.0 |        0.0 |    201 | ex_mem_alu_result\[0\]$_DFFE_PP_/DE
     111* |       0 |       1 |        0 |      0 |     0 |    +0.0% |    0.563 |        0.0 |        0.0 |    201 | ex_mem_alu_result\[0\]$_DFFE_PP_/DE
     112* |       0 |       1 |        0 |      0 |     0 |    +0.0% |    0.563 |        0.0 |        0.0 |    201 | ex_mem_alu_result\[0\]$_DFFE_PP_/DE
     113* |       0 |       1 |        0 |      0 |     0 |    +0.0% |    0.563 |        0.0 |        0.0 |    201 | ex_mem_alu_result\[0\]$_DFFE_PP_/DE
     114* |       0 |       1 |        0 |      0 |     0 |    +0.0% |    0.563 |        0.0 |        0.0 |    201 | ex_mem_alu_result\[0\]$_DFFE_PP_/DE
     115* |       0 |       1 |        0 |      0 |     0 |    +0.0% |    0.563 |        0.0 |        0.0 |    201 | ex_mem_alu_result\[0\]$_DFFE_PP_/DE
     116* |       0 |       1 |        0 |      0 |     0 |    +0.0% |    0.563 |        0.0 |        0.0 |    201 | ex_mem_alu_result\[0\]$_DFFE_PP_/DE
     117* |       0 |       1 |        0 |      0 |     0 |    +0.0% |    0.563 |        0.0 |        0.0 |    201 | ex_mem_alu_result\[0\]$_DFFE_PP_/DE
     118* |       0 |       1 |        0 |      0 |     0 |    +0.0% |    0.563 |        0.0 |        0.0 |    201 | ex_mem_alu_result\[0\]$_DFFE_PP_/DE
     119* |       0 |       1 |        0 |      0 |     0 |    +0.0% |    0.563 |        0.0 |        0.0 |    201 | ex_mem_alu_result\[0\]$_DFFE_PP_/DE
     120* |       0 |       1 |        0 |      0 |     0 |    +0.0% |    0.563 |        0.0 |        0.0 |    201 | ex_mem_alu_result\[0\]$_DFFE_PP_/DE
     120* |       0 |       1 |        0 |      0 |     0 |    +0.0% |    0.563 |        0.0 |        0.0 |    201 | ex_mem_alu_result\[0\]$_DFFE_PP_/DE
     121* |       0 |       1 |        0 |      0 |     0 |    +0.0% |    0.563 |        0.0 |        0.0 |    201 | ex_mem_alu_result\[0\]$_DFFE_PP_/DE
     122* |       0 |       1 |        0 |      0 |     0 |    +0.0% |    0.563 |        0.0 |        0.0 |    201 | ex_mem_alu_result\[0\]$_DFFE_PP_/DE
     123* |       0 |       1 |        0 |      0 |     0 |    +0.0% |    0.563 |        0.0 |        0.0 |    201 | ex_mem_alu_result\[0\]$_DFFE_PP_/DE
     124* |       0 |       1 |        0 |      0 |     0 |    +0.0% |    0.563 |        0.0 |        0.0 |    201 | ex_mem_alu_result\[0\]$_DFFE_PP_/DE
     125* |       0 |       1 |        0 |      0 |     0 |    +0.0% |    0.563 |        0.0 |        0.0 |    201 | ex_mem_alu_result\[0\]$_DFFE_PP_/DE
     126* |       0 |       1 |        0 |      0 |     0 |    +0.0% |    0.563 |        0.0 |        0.0 |    201 | ex_mem_alu_result\[0\]$_DFFE_PP_/DE
     127* |       0 |       1 |        0 |      0 |     0 |    +0.0% |    0.563 |        0.0 |        0.0 |    201 | ex_mem_alu_result\[0\]$_DFFE_PP_/DE
     128* |       0 |       1 |        0 |      0 |     0 |    +0.0% |    0.563 |        0.0 |        0.0 |    201 | ex_mem_alu_result\[0\]$_DFFE_PP_/DE
     129* |       0 |       1 |        0 |      0 |     0 |    +0.0% |    0.563 |        0.0 |        0.0 |    201 | ex_mem_alu_result\[0\]$_DFFE_PP_/DE
     130* |       0 |       1 |        0 |      0 |     0 |    +0.0% |    0.563 |        0.0 |        0.0 |    201 | ex_mem_alu_result\[0\]$_DFFE_PP_/DE
     130* |       0 |       1 |        0 |      0 |     0 |    +0.0% |    0.563 |        0.0 |        0.0 |    201 | ex_mem_alu_result\[0\]$_DFFE_PP_/DE
     131* |       0 |       1 |        0 |      0 |     0 |    +0.0% |    0.563 |        0.0 |        0.0 |    201 | ex_mem_alu_result\[0\]$_DFFE_PP_/DE
     132* |       0 |       1 |        0 |      0 |     0 |    +0.0% |    0.563 |        0.0 |        0.0 |    201 | ex_mem_alu_result\[0\]$_DFFE_PP_/DE
     133* |       0 |       1 |        0 |      0 |     0 |    +0.0% |    0.563 |        0.0 |        0.0 |    201 | ex_mem_alu_result\[0\]$_DFFE_PP_/DE
     134* |       0 |       1 |        0 |      0 |     0 |    +0.0% |    0.563 |        0.0 |        0.0 |    201 | ex_mem_alu_result\[0\]$_DFFE_PP_/DE
     135* |       0 |       1 |        0 |      0 |     0 |    +0.0% |    0.563 |        0.0 |        0.0 |    201 | ex_mem_alu_result\[0\]$_DFFE_PP_/DE
     136* |       0 |       1 |        0 |      0 |     0 |    +0.0% |    0.563 |        0.0 |        0.0 |    201 | ex_mem_alu_result\[0\]$_DFFE_PP_/DE
     137* |       0 |       1 |        0 |      0 |     0 |    +0.0% |    0.563 |        0.0 |        0.0 |    201 | ex_mem_alu_result\[0\]$_DFFE_PP_/DE
     138* |       0 |       1 |        0 |      0 |     0 |    +0.0% |    0.563 |        0.0 |        0.0 |    201 | ex_mem_alu_result\[0\]$_DFFE_PP_/DE
     139* |       0 |       1 |        0 |      0 |     0 |    +0.0% |    0.563 |        0.0 |        0.0 |    201 | ex_mem_alu_result\[0\]$_DFFE_PP_/DE
     140* |       0 |       1 |        0 |      0 |     0 |    +0.0% |    0.563 |        0.0 |        0.0 |    201 | ex_mem_alu_result\[0\]$_DFFE_PP_/DE
     140* |       0 |       1 |        0 |      0 |     0 |    +0.0% |    0.563 |        0.0 |        0.0 |    201 | ex_mem_alu_result\[0\]$_DFFE_PP_/DE
     141* |       0 |       1 |        0 |      0 |     0 |    +0.0% |    0.563 |        0.0 |        0.0 |    201 | ex_mem_alu_result\[0\]$_DFFE_PP_/DE
     142* |       0 |       1 |        0 |      0 |     0 |    +0.0% |    0.563 |        0.0 |        0.0 |    201 | ex_mem_alu_result\[0\]$_DFFE_PP_/DE
     143* |       0 |       1 |        0 |      0 |     0 |    +0.0% |    0.563 |        0.0 |        0.0 |    201 | ex_mem_alu_result\[0\]$_DFFE_PP_/DE
     144* |       0 |       1 |        0 |      0 |     0 |    +0.0% |    0.563 |        0.0 |        0.0 |    201 | ex_mem_alu_result\[0\]$_DFFE_PP_/DE
     145* |       0 |       1 |        0 |      0 |     0 |    +0.0% |    0.563 |        0.0 |        0.0 |    201 | ex_mem_alu_result\[0\]$_DFFE_PP_/DE
     146* |       0 |       1 |        0 |      0 |     0 |    +0.0% |    0.563 |        0.0 |        0.0 |    201 | ex_mem_alu_result\[0\]$_DFFE_PP_/DE
     147* |       0 |       1 |        0 |      0 |     0 |    +0.0% |    0.563 |        0.0 |        0.0 |    201 | ex_mem_alu_result\[0\]$_DFFE_PP_/DE
     148* |       0 |       1 |        0 |      0 |     0 |    +0.0% |    0.563 |        0.0 |        0.0 |    201 | ex_mem_alu_result\[0\]$_DFFE_PP_/DE
     149* |       0 |       1 |        0 |      0 |     0 |    +0.0% |    0.563 |        0.0 |        0.0 |    201 | ex_mem_alu_result\[0\]$_DFFE_PP_/DE
     150* |       0 |       1 |        0 |      0 |     0 |    +0.0% |    0.563 |        0.0 |        0.0 |    201 | ex_mem_alu_result\[0\]$_DFFE_PP_/DE
     150* |       0 |       1 |        0 |      0 |     0 |    +0.0% |    0.563 |        0.0 |        0.0 |    201 | ex_mem_alu_result\[0\]$_DFFE_PP_/DE
     151* |       0 |       1 |        0 |      0 |     0 |    +0.0% |    0.563 |        0.0 |        0.0 |    201 | ex_mem_alu_result\[0\]$_DFFE_PP_/DE
     152* |       0 |       1 |        0 |      0 |     0 |    +0.0% |    0.563 |        0.0 |        0.0 |    201 | ex_mem_alu_result\[0\]$_DFFE_PP_/DE
     153* |       0 |       1 |        0 |      0 |     0 |    +0.0% |    0.563 |        0.0 |        0.0 |    201 | ex_mem_alu_result\[0\]$_DFFE_PP_/DE
     154* |       0 |       1 |        0 |      0 |     0 |    +0.0% |    0.563 |        0.0 |        0.0 |    201 | ex_mem_alu_result\[0\]$_DFFE_PP_/DE
     155* |       0 |       1 |        0 |      0 |     0 |    +0.0% |    0.563 |        0.0 |        0.0 |    201 | ex_mem_alu_result\[0\]$_DFFE_PP_/DE
     156* |       0 |       1 |        0 |      0 |     0 |    +0.0% |    0.563 |        0.0 |        0.0 |    201 | ex_mem_alu_result\[0\]$_DFFE_PP_/DE
     157* |       0 |       1 |        0 |      0 |     0 |    +0.0% |    0.563 |        0.0 |        0.0 |    201 | ex_mem_alu_result\[0\]$_DFFE_PP_/DE
     158* |       0 |       1 |        0 |      0 |     0 |    +0.0% |    0.563 |        0.0 |        0.0 |    201 | ex_mem_alu_result\[0\]$_DFFE_PP_/DE
     159* |       0 |       1 |        0 |      0 |     0 |    +0.0% |    0.563 |        0.0 |        0.0 |    201 | ex_mem_alu_result\[0\]$_DFFE_PP_/DE
     160* |       0 |       1 |        0 |      0 |     0 |    +0.0% |    0.563 |        0.0 |        0.0 |    201 | ex_mem_alu_result\[0\]$_DFFE_PP_/DE
     160* |       0 |       1 |        0 |      0 |     0 |    +0.0% |    0.563 |        0.0 |        0.0 |    201 | ex_mem_alu_result\[0\]$_DFFE_PP_/DE
     161* |       0 |       1 |        0 |      0 |     0 |    +0.0% |    0.563 |        0.0 |        0.0 |    201 | ex_mem_alu_result\[0\]$_DFFE_PP_/DE
     162* |       0 |       1 |        0 |      0 |     0 |    +0.0% |    0.563 |        0.0 |        0.0 |    201 | ex_mem_alu_result\[0\]$_DFFE_PP_/DE
     163* |       0 |       1 |        0 |      0 |     0 |    +0.0% |    0.563 |        0.0 |        0.0 |    201 | ex_mem_alu_result\[0\]$_DFFE_PP_/DE
     164* |       0 |       1 |        0 |      0 |     0 |    +0.0% |    0.563 |        0.0 |        0.0 |    201 | ex_mem_alu_result\[0\]$_DFFE_PP_/DE
     165* |       0 |       1 |        0 |      0 |     0 |    +0.0% |    0.563 |        0.0 |        0.0 |    201 | ex_mem_alu_result\[0\]$_DFFE_PP_/DE
     166* |       0 |       1 |        0 |      0 |     0 |    +0.0% |    0.563 |        0.0 |        0.0 |    201 | ex_mem_alu_result\[0\]$_DFFE_PP_/DE
     167* |       0 |       1 |        0 |      0 |     0 |    +0.0% |    0.563 |        0.0 |        0.0 |    201 | ex_mem_alu_result\[0\]$_DFFE_PP_/DE
     168* |       0 |       1 |        0 |      0 |     0 |    +0.0% |    0.563 |        0.0 |        0.0 |    201 | ex_mem_alu_result\[0\]$_DFFE_PP_/DE
     169* |       0 |       1 |        0 |      0 |     0 |    +0.0% |    0.563 |        0.0 |        0.0 |    201 | ex_mem_alu_result\[0\]$_DFFE_PP_/DE
     170* |       0 |       1 |        0 |      0 |     0 |    +0.0% |    0.563 |        0.0 |        0.0 |    201 | ex_mem_alu_result\[0\]$_DFFE_PP_/DE
     170* |       0 |       1 |        0 |      0 |     0 |    +0.0% |    0.563 |        0.0 |        0.0 |    201 | ex_mem_alu_result\[0\]$_DFFE_PP_/DE
     171* |       0 |       1 |        0 |      0 |     0 |    +0.0% |    0.563 |        0.0 |        0.0 |    201 | ex_mem_alu_result\[0\]$_DFFE_PP_/DE
     172* |       0 |       1 |        0 |      0 |     0 |    +0.0% |    0.563 |        0.0 |        0.0 |    201 | ex_mem_alu_result\[0\]$_DFFE_PP_/DE
     173* |       0 |       1 |        0 |      0 |     0 |    +0.0% |    0.563 |        0.0 |        0.0 |    201 | ex_mem_alu_result\[0\]$_DFFE_PP_/DE
     174* |       0 |       1 |        0 |      0 |     0 |    +0.0% |    0.563 |        0.0 |        0.0 |    201 | ex_mem_alu_result\[0\]$_DFFE_PP_/DE
     175* |       0 |       1 |        0 |      0 |     0 |    +0.0% |    0.563 |        0.0 |        0.0 |    201 | ex_mem_alu_result\[0\]$_DFFE_PP_/DE
     176* |       0 |       1 |        0 |      0 |     0 |    +0.0% |    0.563 |        0.0 |        0.0 |    201 | ex_mem_alu_result\[0\]$_DFFE_PP_/DE
     177* |       0 |       1 |        0 |      0 |     0 |    +0.0% |    0.563 |        0.0 |        0.0 |    201 | ex_mem_alu_result\[0\]$_DFFE_PP_/DE
     178* |       0 |       1 |        0 |      0 |     0 |    +0.0% |    0.563 |        0.0 |        0.0 |    201 | ex_mem_alu_result\[0\]$_DFFE_PP_/DE
     179* |       0 |       1 |        0 |      0 |     0 |    +0.0% |    0.563 |        0.0 |        0.0 |    201 | ex_mem_alu_result\[0\]$_DFFE_PP_/DE
     180* |       0 |       1 |        0 |      0 |     0 |    +0.0% |    0.563 |        0.0 |        0.0 |    201 | ex_mem_alu_result\[0\]$_DFFE_PP_/DE
     180* |       0 |       1 |        0 |      0 |     0 |    +0.0% |    0.563 |        0.0 |        0.0 |    201 | ex_mem_alu_result\[0\]$_DFFE_PP_/DE
     181* |       0 |       1 |        0 |      0 |     0 |    +0.0% |    0.563 |        0.0 |        0.0 |    201 | ex_mem_alu_result\[0\]$_DFFE_PP_/DE
     182* |       0 |       1 |        0 |      0 |     0 |    +0.0% |    0.563 |        0.0 |        0.0 |    201 | ex_mem_alu_result\[0\]$_DFFE_PP_/DE
     183* |       0 |       1 |        0 |      0 |     0 |    +0.0% |    0.563 |        0.0 |        0.0 |    201 | ex_mem_alu_result\[0\]$_DFFE_PP_/DE
     184* |       0 |       1 |        0 |      0 |     0 |    +0.0% |    0.563 |        0.0 |        0.0 |    201 | ex_mem_alu_result\[0\]$_DFFE_PP_/DE
     185* |       0 |       1 |        0 |      0 |     0 |    +0.0% |    0.563 |        0.0 |        0.0 |    201 | ex_mem_alu_result\[0\]$_DFFE_PP_/DE
     186* |       0 |       1 |        0 |      0 |     0 |    +0.0% |    0.563 |        0.0 |        0.0 |    201 | ex_mem_alu_result\[0\]$_DFFE_PP_/DE
     187* |       0 |       1 |        0 |      0 |     0 |    +0.0% |    0.563 |        0.0 |        0.0 |    201 | ex_mem_alu_result\[0\]$_DFFE_PP_/DE
     188* |       0 |       1 |        0 |      0 |     0 |    +0.0% |    0.563 |        0.0 |        0.0 |    201 | ex_mem_alu_result\[0\]$_DFFE_PP_/DE
     189* |       0 |       1 |        0 |      0 |     0 |    +0.0% |    0.563 |        0.0 |        0.0 |    201 | ex_mem_alu_result\[0\]$_DFFE_PP_/DE
     190* |       0 |       1 |        0 |      0 |     0 |    +0.0% |    0.563 |        0.0 |        0.0 |    201 | ex_mem_alu_result\[0\]$_DFFE_PP_/DE
     190* |       0 |       1 |        0 |      0 |     0 |    +0.0% |    0.563 |        0.0 |        0.0 |    201 | ex_mem_alu_result\[0\]$_DFFE_PP_/DE
     191* |       0 |       1 |        0 |      0 |     0 |    +0.0% |    0.563 |        0.0 |        0.0 |    201 | ex_mem_alu_result\[0\]$_DFFE_PP_/DE
     192* |       0 |       1 |        0 |      0 |     0 |    +0.0% |    0.563 |        0.0 |        0.0 |    201 | ex_mem_alu_result\[0\]$_DFFE_PP_/DE
     193* |       0 |       1 |        0 |      0 |     0 |    +0.0% |    0.563 |        0.0 |        0.0 |    201 | ex_mem_alu_result\[0\]$_DFFE_PP_/DE
     194* |       0 |       1 |        0 |      0 |     0 |    +0.0% |    0.563 |        0.0 |        0.0 |    201 | ex_mem_alu_result\[0\]$_DFFE_PP_/DE
     195* |       0 |       1 |        0 |      0 |     0 |    +0.0% |    0.563 |        0.0 |        0.0 |    201 | ex_mem_alu_result\[0\]$_DFFE_PP_/DE
     196* |       0 |       1 |        0 |      0 |     0 |    +0.0% |    0.563 |        0.0 |        0.0 |    201 | ex_mem_alu_result\[0\]$_DFFE_PP_/DE
     197* |       0 |       1 |        0 |      0 |     0 |    +0.0% |    0.563 |        0.0 |        0.0 |    201 | ex_mem_alu_result\[0\]$_DFFE_PP_/DE
     198* |       0 |       1 |        0 |      0 |     0 |    +0.0% |    0.563 |        0.0 |        0.0 |    201 | ex_mem_alu_result\[0\]$_DFFE_PP_/DE
     199* |       0 |       1 |        0 |      0 |     0 |    +0.0% |    0.563 |        0.0 |        0.0 |    201 | ex_mem_alu_result\[0\]$_DFFE_PP_/DE
     200* |       0 |       1 |        0 |      0 |     0 |    +0.0% |    0.563 |        0.0 |        0.0 |    201 | ex_mem_alu_result\[0\]$_DFFE_PP_/DE
     200* |       0 |       1 |        0 |      0 |     0 |    +0.0% |    0.563 |        0.0 |        0.0 |    201 | ex_mem_alu_result\[0\]$_DFFE_PP_/DE
     201* |       0 |       1 |        0 |      0 |     0 |    +0.0% |    0.563 |        0.0 |        0.0 |    201 | ex_mem_alu_result\[0\]$_DFFE_PP_/DE
     202* |       0 |       1 |        0 |      0 |     0 |    +0.0% |    0.563 |        0.0 |        0.0 |    201 | ex_mem_alu_result\[0\]$_DFFE_PP_/DE
     202* |       0 |       1 |        0 |      0 |     0 |    +0.0% |    0.563 |        0.0 |        0.0 |    201 | ex_mem_alu_result\[0\]$_DFFE_PP_/DE
    final |       0 |       1 |        0 |      0 |     0 |    +0.0% |    0.563 |        0.0 |        0.0 |      0 | ex_mem_alu_result\[0\]$_DFFE_PP_/DE
------------------------------------------------------------------------------------------------------------------------------
[INFO RSZ-0051] Resized 1 instances: 1 up, 0 up match, 0 down, 0 VT
Took 7 seconds: repair_timing -setup_margin -0.05 -hold_margin 0 -repair_tns 100 -match_cell_footprint -setup -skip_last_gasp -sequence unbuffer,sizeup,swap,vt_swap -verbose
Default units for flow
 time 1ns
 capacitance 1pF
 resistance 1kohm
 voltage 1v
 current 1mA
 power 1nW
 distance 1um
   Layer   | Unit Resistance | Unit Capacitance 
           |       (kohm/um) |          (pF/um)
------------------------------------------------
       li1 |        7.18e-02 |         1.50e-04
      met1 |        1.21e-03 |         1.72e-04
      met2 |        1.22e-03 |         1.36e-04
      met3 |        1.66e-04 |         2.15e-04
      met4 |        1.68e-04 |         1.48e-04
      met5 |        1.84e-05 |         1.54e-04
------------------------------------------------

   Layer   | Via Resistance 
           |         (kohm) 
----------------------------
      mcon |       9.25e-03 
       via |       4.50e-03 
      via2 |       3.37e-03 
      via3 |       3.77e-04 
      via4 |       5.80e-06 
----------------------------
Report metrics stage 2, floorplan final...

==========================================================================
floorplan final report_design_area
--------------------------------------------------------------------------
Design area 198102 um^2 45% utilization.
write_db ./results/sky130hd/rv32imc_top/base/2_1_floorplan.odb
write_sdc -no_timestamp ./results/sky130hd/rv32imc_top/base/2_1_floorplan.sdc
Elapsed time: 0:17.67[h:]min:sec. CPU time: user 16.77 sys 1.59 (103%). Peak memory: 224008KB.
Log                       Ext     Elapsed/s Peak Memory/MB sha1sum result [0:20)
2_1_floorplan             .odb           17            218 d82292320c06edaeabc2
2_1_floorplan             .sdc                             fa23271043a105bfb7a5
/home/hatch/workspace/rv32imc-cpu/tools/orfs/flow/scripts/flow.sh 2_2_floorplan_macro macro_place
Running macro_place.tcl, stage 2_2_floorplan_macro
read_liberty /home/hatch/workspace/rv32imc-cpu/tools/orfs/flow/platforms/sky130hd/lib/sky130_fd_sc_hd__tt_025C_1v80.lib
read_db ./results/sky130hd/rv32imc_top/base/2_1_floorplan.odb
read_sdc ./results/sky130hd/rv32imc_top/base/2_1_floorplan.sdc
source /home/hatch/workspace/rv32imc-cpu/tools/orfs/flow/platforms/sky130hd/setRC.tcl
No macros found: Skipping macro_placement
Design area 198102 um^2 45% utilization.
write_db ./results/sky130hd/rv32imc_top/base/2_2_floorplan_macro.odb
Elapsed time: 0:01.22[h:]min:sec. CPU time: user 0.93 sys 0.24 (95%). Peak memory: 157944KB.
Log                       Ext     Elapsed/s Peak Memory/MB sha1sum result [0:20)
2_2_floorplan_macro       .odb            1            154 d82292320c06edaeabc2
/home/hatch/workspace/rv32imc-cpu/tools/orfs/flow/scripts/flow.sh 2_3_floorplan_tapcell tapcell
Running tapcell.tcl, stage 2_3_floorplan_tapcell
read_liberty /home/hatch/workspace/rv32imc-cpu/tools/orfs/flow/platforms/sky130hd/lib/sky130_fd_sc_hd__tt_025C_1v80.lib
read_db ./results/sky130hd/rv32imc_top/base/2_2_floorplan_macro.odb
read_sdc ./results/sky130hd/rv32imc_top/base/2_1_floorplan.sdc
source /home/hatch/workspace/rv32imc-cpu/tools/orfs/flow/platforms/sky130hd/setRC.tcl
[INFO TAP-0005] Inserted 5880 tapcells.
Design area 205460 um^2 47% utilization.
write_db ./results/sky130hd/rv32imc_top/base/2_3_floorplan_tapcell.odb
Elapsed time: 0:01.23[h:]min:sec. CPU time: user 0.89 sys 0.31 (96%). Peak memory: 147808KB.
Log                       Ext     Elapsed/s Peak Memory/MB sha1sum result [0:20)
2_3_floorplan_tapcell     .odb            1            144 69dfda51241876d6a451
/home/hatch/workspace/rv32imc-cpu/tools/orfs/flow/scripts/flow.sh 2_4_floorplan_pdn pdn
Running pdn.tcl, stage 2_4_floorplan_pdn
read_liberty /home/hatch/workspace/rv32imc-cpu/tools/orfs/flow/platforms/sky130hd/lib/sky130_fd_sc_hd__tt_025C_1v80.lib
read_db ./results/sky130hd/rv32imc_top/base/2_3_floorplan_tapcell.odb
read_sdc ./results/sky130hd/rv32imc_top/base/2_1_floorplan.sdc
source /home/hatch/workspace/rv32imc-cpu/tools/orfs/flow/platforms/sky130hd/setRC.tcl
[INFO PDN-0001] Inserting grid: grid
Design area 205460 um^2 47% utilization.
write_db ./results/sky130hd/rv32imc_top/base/2_4_floorplan_pdn.odb
Elapsed time: 0:02.08[h:]min:sec. CPU time: user 1.71 sys 0.28 (96%). Peak memory: 181808KB.
Log                       Ext     Elapsed/s Peak Memory/MB sha1sum result [0:20)
2_4_floorplan_pdn         .odb            2            177 ed7d016c1696f935cafa
cp ./results/sky130hd/rv32imc_top/base/2_4_floorplan_pdn.odb ./results/sky130hd/rv32imc_top/base/2_floorplan.odb
cp ./results/sky130hd/rv32imc_top/base/2_1_floorplan.sdc ./results/sky130hd/rv32imc_top/base/2_floorplan.sdc
/home/hatch/workspace/rv32imc-cpu/tools/orfs/flow/scripts/flow.sh 3_1_place_gp_skip_io global_place_skip_io
Running global_place_skip_io.tcl, stage 3_1_place_gp_skip_io
read_liberty /home/hatch/workspace/rv32imc-cpu/tools/orfs/flow/platforms/sky130hd/lib/sky130_fd_sc_hd__tt_025C_1v80.lib
read_db ./results/sky130hd/rv32imc_top/base/2_floorplan.odb
read_sdc ./results/sky130hd/rv32imc_top/base/2_floorplan.sdc
source /home/hatch/workspace/rv32imc-cpu/tools/orfs/flow/platforms/sky130hd/setRC.tcl
global_placement -skip_io -density 0.65 -pad_left 0 -pad_right 0
[INFO GPL-0001] ---- Initialize GPL Main Data Structures
[INFO GPL-0002] DBU: 1000
[INFO GPL-0003] SiteSize: (  0.460  2.720 ) um
[INFO GPL-0004] CoreBBox: (  2.300  2.720 ) ( 665.160 663.680 ) um
[INFO GPL-0036] Movable instances area:     198102.496 um^2
[INFO GPL-0037] Total instances area:       205459.552 um^2
[INFO GPL-0035] Pin density area adjust:     13276.261 um^2
[INFO GPL-0032] ---- Initialize Region: Top-level
[INFO GPL-0006] Number of instances:             28110
[INFO GPL-0007] Movable instances:               22230
[INFO GPL-0008] Fixed instances:                  5880
[INFO GPL-0009] Dummy instances:                     0
[INFO GPL-0010] Number of nets:                  25409
[INFO GPL-0011] Number of pins:                  78485
[INFO GPL-0012] Die BBox:  (  0.000  0.000 ) ( 667.280 667.280 ) um
[INFO GPL-0013] Core BBox: (  2.300  2.720 ) ( 665.160 663.680 ) um
[INFO GPL-0016] Core area:                  438123.946 um^2
[INFO GPL-0014] Region name: top-level.
[INFO GPL-0015] Region area:                438123.946 um^2
[INFO GPL-0017] Fixed instances area:         7357.056 um^2
[INFO GPL-0018] Movable instances area:     211378.757 um^2
[INFO GPL-0019] Utilization:                    49.070 %
[INFO GPL-0020] Standard cells area:        211378.757 um^2
[INFO GPL-0021] Large instances area:            0.000 um^2
[INFO GPL-0005] ---- Execute Conjugate Gradient Initial Placement.
[INFO GPL-0051] Source of initial instance position counters:
	Odb location = 0	Core center = 22230	Region center = 0
[INFO GPL-0033] ---- Initialize Nesterov Region: Top-level
[INFO GPL-0023] Placement target density:       0.6500
[INFO GPL-0024] Movable insts average area:      9.509 um^2
[INFO GPL-0025] Ideal bin area:                 14.629 um^2
[INFO GPL-0026] Ideal bin count:                 29949
[INFO GPL-0027] Total bin area:             438123.946 um^2
[INFO GPL-0028] Bin count (X, Y):         128 ,    128
[INFO GPL-0029] Bin size (W * H):       5.179 *  5.164 um
[INFO GPL-0030] Number of bins:                  16384
[INFO GPL-0084] ---- Execute Nesterov Global Placement.
[INFO GPL-0031] HPWL: Half-Perimeter Wirelength
Iteration | Overflow |     HPWL (um) |  HPWL(%) |   Penalty | Group
---------------------------------------------------------------
        0 |   0.9991 |  6.073836e+04 |   +0.00% |  5.35e-16 |      
       10 |   0.9986 |  3.998775e+04 |  -34.16% |  8.71e-16 |      
       20 |   0.9986 |  3.949241e+04 |   -1.24% |  1.42e-15 |      
       30 |   0.9986 |  3.938393e+04 |   -0.27% |  2.31e-15 |      
       40 |   0.9986 |  3.941453e+04 |   +0.08% |  3.76e-15 |      
       50 |   0.9986 |  3.948173e+04 |   +0.17% |  6.13e-15 |      
       60 |   0.9986 |  3.954680e+04 |   +0.16% |  9.99e-15 |      
       70 |   0.9986 |  3.959514e+04 |   +0.12% |  1.63e-14 |      
       80 |   0.9986 |  3.964645e+04 |   +0.13% |  2.65e-14 |      
       90 |   0.9986 |  3.977755e+04 |   +0.33% |  4.32e-14 |      
      100 |   0.9984 |  4.012735e+04 |   +0.88% |  7.03e-14 |      
      110 |   0.9978 |  4.097571e+04 |   +2.11% |  1.14e-13 |      
      120 |   0.9971 |  4.303041e+04 |   +5.01% |  1.86e-13 |      
      130 |   0.9960 |  4.738427e+04 |  +10.12% |  3.04e-13 |      
      140 |   0.9936 |  5.488942e+04 |  +15.84% |  4.94e-13 |      
      150 |   0.9907 |  6.514548e+04 |  +18.68% |  8.04e-13 |      
      160 |   0.9869 |  7.809282e+04 |  +19.87% |  1.31e-12 |      
      170 |   0.9822 |  9.429407e+04 |  +20.75% |  2.13e-12 |      
      180 |   0.9740 |  1.166388e+05 |  +23.70% |  3.46e-12 |      
      190 |   0.9637 |  1.429789e+05 |  +22.58% |  5.61e-12 |      
      200 |   0.9511 |  1.723853e+05 |  +20.57% |  9.11e-12 |      
      210 |   0.9329 |  2.070132e+05 |  +20.09% |  1.48e-11 |      
      220 |   0.9103 |  2.433177e+05 |  +17.54% |  2.40e-11 |      
      230 |   0.8849 |  2.811978e+05 |  +15.57% |  3.89e-11 |      
      240 |   0.8561 |  3.208710e+05 |  +14.11% |  6.31e-11 |      
      250 |   0.8241 |  3.626972e+05 |  +13.04% |  1.02e-10 |      
      260 |   0.7885 |  4.040218e+05 |  +11.39% |  1.66e-10 |      
      270 |   0.7493 |  4.447912e+05 |  +10.09% |  2.69e-10 |      
      280 |   0.7068 |  4.842376e+05 |   +8.87% |  4.37e-10 |      
      290 |   0.6615 |  5.209736e+05 |   +7.59% |  7.08e-10 |      
      300 |   0.6130 |  5.569872e+05 |   +6.91% |  1.15e-09 |      
      310 |   0.5602 |  5.915570e+05 |   +6.21% |  1.86e-09 |      
      320 |   0.5088 |  6.210856e+05 |   +4.99% |  3.03e-09 |      
      330 |   0.4553 |  6.390943e+05 |   +2.90% |  4.92e-09 |      
      340 |   0.4041 |  6.484890e+05 |   +1.47% |  8.01e-09 |      
      350 |   0.3560 |  6.557395e+05 |   +1.12% |  1.30e-08 |      
      360 |   0.3149 |  6.617144e+05 |   +0.91% |  1.98e-08 |      
      370 |   0.2823 |  6.647865e+05 |   +0.46% |  2.91e-08 |      
      380 |   0.2503 |  6.681187e+05 |   +0.50% |  4.29e-08 |      
      390 |   0.2214 |  6.708909e+05 |   +0.41% |  6.32e-08 |      
      400 |   0.1942 |  6.729630e+05 |   +0.31% |  9.30e-08 |      
      410 |   0.1710 |  6.742959e+05 |   +0.20% |  1.37e-07 |      
      420 |   0.1499 |  6.751223e+05 |   +0.12% |  2.02e-07 |      
      430 |   0.1290 |  6.761910e+05 |   +0.16% |  2.97e-07 |      
      440 |   0.1125 |  6.769346e+05 |   +0.11% |  4.38e-07 |      
      448 |   0.0995 |  6.776038e+05 |          |  6.21e-07 |      
---------------------------------------------------------------
[INFO GPL-1001] Global placement finished at iteration 448
[INFO GPL-1002] Placed Cell Area            211378.7574
[INFO GPL-1003] Available Free Area         430766.8896
[INFO GPL-1004] Minimum Feasible Density        0.5000 (cell_area / free_area)
[INFO GPL-1006]   Suggested Target Densities:
[INFO GPL-1007]     - For 90% usage of free space: 0.5452
[INFO GPL-1008]     - For 80% usage of free space: 0.6134
[INFO GPL-1009]     - For 50% usage of free space: 0.9814
[INFO GPL-1014] Final placement area: 211378.76 (+0.00%)
Took 12 seconds: global_placement -skip_io -density 0.65 -pad_left 0 -pad_right 0
Design area 205460 um^2 47% utilization.
write_db ./results/sky130hd/rv32imc_top/base/3_1_place_gp_skip_io.odb
Elapsed time: 0:13.09[h:]min:sec. CPU time: user 16.83 sys 0.44 (131%). Peak memory: 195112KB.
Log                       Ext     Elapsed/s Peak Memory/MB sha1sum result [0:20)
3_1_place_gp_skip_io      .odb           13            190 df9d027c89b509d9e365
/home/hatch/workspace/rv32imc-cpu/tools/orfs/flow/scripts/flow.sh 3_2_place_iop io_placement
Running io_placement.tcl, stage 3_2_place_iop
read_liberty /home/hatch/workspace/rv32imc-cpu/tools/orfs/flow/platforms/sky130hd/lib/sky130_fd_sc_hd__tt_025C_1v80.lib
read_db ./results/sky130hd/rv32imc_top/base/3_1_place_gp_skip_io.odb
read_sdc ./results/sky130hd/rv32imc_top/base/2_floorplan.sdc
source /home/hatch/workspace/rv32imc-cpu/tools/orfs/flow/platforms/sky130hd/setRC.tcl
place_pins -hor_layers met3 -ver_layers met2
Found 0 macro blocks.
Using 2 tracks default min distance between IO pins.
[INFO PPL-0001] Number of available slots 2420
[INFO PPL-0002] Number of I/O             232
[INFO PPL-0003] Number of I/O w/sink      232
[INFO PPL-0004] Number of I/O w/o sink    0
[INFO PPL-0005] Slots per section         200
[INFO PPL-0008] Successfully assigned pins to sections.
[INFO PPL-0012] I/O nets HPWL: 48799.10 um.
Design area 205460 um^2 47% utilization.
write_db ./results/sky130hd/rv32imc_top/base/3_2_place_iop.odb
Elapsed time: 0:01.27[h:]min:sec. CPU time: user 0.96 sys 0.25 (95%). Peak memory: 166708KB.
Log                       Ext     Elapsed/s Peak Memory/MB sha1sum result [0:20)
3_2_place_iop             .odb            1            162 39b1a6ecdbd53debb7e4
/home/hatch/workspace/rv32imc-cpu/tools/orfs/flow/scripts/flow.sh 3_3_place_gp global_place
Running global_place.tcl, stage 3_3_place_gp
read_liberty /home/hatch/workspace/rv32imc-cpu/tools/orfs/flow/platforms/sky130hd/lib/sky130_fd_sc_hd__tt_025C_1v80.lib
read_db ./results/sky130hd/rv32imc_top/base/3_2_place_iop.odb
read_sdc ./results/sky130hd/rv32imc_top/base/2_floorplan.sdc
source /home/hatch/workspace/rv32imc-cpu/tools/orfs/flow/platforms/sky130hd/setRC.tcl
[INFO RSZ-0026] Removed 1201 buffers.
Perform port buffering...
[INFO RSZ-0027] Inserted 65 sky130_fd_sc_hd__clkdlybuf4s50_1 input buffers.
[INFO RSZ-0028] Inserted 164 sky130_fd_sc_hd__clkdlybuf4s50_1 output buffers.
global_placement -density 0.65 -pad_left 0 -pad_right 0 -routability_driven -timing_driven -force_center_initial_place -min_phi_coef 0.95 -max_phi_coef 1.05
[INFO GPL-0001] ---- Initialize GPL Main Data Structures
[INFO GPL-0002] DBU: 1000
[INFO GPL-0003] SiteSize: (  0.460  2.720 ) um
[INFO GPL-0004] CoreBBox: (  2.300  2.720 ) ( 665.160 663.680 ) um
[INFO GPL-0036] Movable instances area:     195611.357 um^2
[INFO GPL-0037] Total instances area:       202968.413 um^2
[INFO GPL-0035] Pin density area adjust:     13325.536 um^2
[INFO GPL-0032] ---- Initialize Region: Top-level
[INFO GPL-0006] Number of instances:             27138
[INFO GPL-0007] Movable instances:               21258
[INFO GPL-0008] Fixed instances:                  5880
[INFO GPL-0009] Dummy instances:                     0
[INFO GPL-0010] Number of nets:                  24437
[INFO GPL-0011] Number of pins:                  76773
[INFO GPL-0012] Die BBox:  (  0.000  0.000 ) ( 667.280 667.280 ) um
[INFO GPL-0013] Core BBox: (  2.300  2.720 ) ( 665.160 663.680 ) um
[INFO GPL-0016] Core area:                  438123.946 um^2
[INFO GPL-0014] Region name: top-level.
[INFO GPL-0015] Region area:                438123.946 um^2
[INFO GPL-0017] Fixed instances area:         7357.056 um^2
[INFO GPL-0018] Movable instances area:     208936.893 um^2
[INFO GPL-0019] Utilization:                    48.503 %
[INFO GPL-0020] Standard cells area:        208936.893 um^2
[INFO GPL-0021] Large instances area:            0.000 um^2
[INFO GPL-0005] ---- Execute Conjugate Gradient Initial Placement.
[INFO GPL-0051] Source of initial instance position counters:
	Odb location = 0	Core center = 21258	Region center = 0
[InitialPlace]  Iter: 1 conjugate gradient residual: 0.01816806 HPWL: 752761221
[InitialPlace]  Iter: 2 conjugate gradient residual: 0.00339226 HPWL: 292370704
[InitialPlace]  Iter: 3 conjugate gradient residual: 0.00066178 HPWL: 286830857
[InitialPlace]  Iter: 4 conjugate gradient residual: 0.00034490 HPWL: 285970916
[InitialPlace]  Iter: 5 conjugate gradient residual: 0.00033177 HPWL: 285323104
[InitialPlace]  Iter: 6 conjugate gradient residual: 0.00019452 HPWL: 285234619
[InitialPlace]  Iter: 7 conjugate gradient residual: 0.00024367 HPWL: 284882188
[InitialPlace]  Iter: 8 conjugate gradient residual: 0.00015006 HPWL: 284866646
[InitialPlace]  Iter: 9 conjugate gradient residual: 0.00016460 HPWL: 284681474
[InitialPlace]  Iter: 10 conjugate gradient residual: 0.00011407 HPWL: 284678711
[InitialPlace]  Iter: 11 conjugate gradient residual: 0.00014325 HPWL: 284600563
[InitialPlace]  Iter: 12 conjugate gradient residual: 0.00009582 HPWL: 284636808
[InitialPlace]  Iter: 13 conjugate gradient residual: 0.00012995 HPWL: 284598500
[InitialPlace]  Iter: 14 conjugate gradient residual: 0.00009393 HPWL: 284628698
[InitialPlace]  Iter: 15 conjugate gradient residual: 0.00012457 HPWL: 284602431
[InitialPlace]  Iter: 16 conjugate gradient residual: 0.00007464 HPWL: 284673466
[InitialPlace]  Iter: 17 conjugate gradient residual: 0.00011314 HPWL: 284635685
[InitialPlace]  Iter: 18 conjugate gradient residual: 0.00007400 HPWL: 284671350
[InitialPlace]  Iter: 19 conjugate gradient residual: 0.00010500 HPWL: 284636959
[InitialPlace]  Iter: 20 conjugate gradient residual: 0.00006527 HPWL: 284697011
[INFO GPL-0033] ---- Initialize Nesterov Region: Top-level
[INFO GPL-0023] Placement target density:       0.6500
[INFO GPL-0024] Movable insts average area:      9.829 um^2
[INFO GPL-0025] Ideal bin area:                 15.121 um^2
[INFO GPL-0026] Ideal bin count:                 28974
[INFO GPL-0027] Total bin area:             438123.946 um^2
[INFO GPL-0028] Bin count (X, Y):         128 ,    128
[INFO GPL-0029] Bin size (W * H):       5.179 *  5.164 um
[INFO GPL-0030] Number of bins:                  16384
[INFO GPL-0084] ---- Execute Nesterov Global Placement.
[INFO GPL-0031] HPWL: Half-Perimeter Wirelength
Iteration | Overflow |     HPWL (um) |  HPWL(%) |   Penalty | Group
---------------------------------------------------------------
        0 |   0.9878 |  1.309338e+05 |   +0.00% |  4.06e-16 |      
       10 |   0.9514 |  1.754576e+05 |  +34.00% |  6.58e-16 |      
       20 |   0.9359 |  1.847658e+05 |   +5.31% |  1.07e-15 |      
       30 |   0.9271 |  1.894623e+05 |   +2.54% |  1.74e-15 |      
       40 |   0.9242 |  1.915601e+05 |   +1.11% |  2.84e-15 |      
       50 |   0.9239 |  1.919844e+05 |   +0.22% |  4.62e-15 |      
       60 |   0.9240 |  1.916692e+05 |   -0.16% |  7.53e-15 |      
       70 |   0.9245 |  1.906640e+05 |   -0.52% |  1.23e-14 |      
       80 |   0.9250 |  1.900979e+05 |   -0.30% |  2.00e-14 |      
       90 |   0.9247 |  1.904844e+05 |   +0.20% |  3.25e-14 |      
      100 |   0.9241 |  1.912862e+05 |   +0.42% |  5.30e-14 |      
      110 |   0.9240 |  1.919022e+05 |   +0.32% |  8.63e-14 |      
      120 |   0.9240 |  1.922178e+05 |   +0.16% |  1.41e-13 |      
      130 |   0.9234 |  1.925696e+05 |   +0.18% |  2.29e-13 |      
      140 |   0.9233 |  1.934382e+05 |   +0.45% |  3.73e-13 |      
      150 |   0.9229 |  1.953479e+05 |   +0.99% |  6.07e-13 |      
      160 |   0.9221 |  1.989933e+05 |   +1.87% |  9.89e-13 |      
      170 |   0.9204 |  2.053866e+05 |   +3.21% |  1.61e-12 |      
      180 |   0.9171 |  2.148480e+05 |   +4.61% |  2.62e-12 |      
      190 |   0.9125 |  2.279278e+05 |   +6.09% |  4.26e-12 |      
      200 |   0.9028 |  2.452147e+05 |   +7.58% |  6.93e-12 |      
      210 |   0.8898 |  2.649407e+05 |   +8.04% |  1.13e-11 |      
      220 |   0.8749 |  2.880224e+05 |   +8.71% |  1.83e-11 |      
      230 |   0.8559 |  3.156752e+05 |   +9.60% |  2.97e-11 |      
      240 |   0.8270 |  3.442911e+05 |   +9.06% |  4.82e-11 |      
      250 |   0.7962 |  3.734530e+05 |   +8.47% |  7.83e-11 |      
      260 |   0.7639 |  4.005400e+05 |   +7.25% |  1.27e-10 |      
      270 |   0.7302 |  4.185685e+05 |   +4.50% |  2.07e-10 |      
      280 |   0.6900 |  4.327971e+05 |   +3.40% |  3.36e-10 |      
      290 |   0.6413 |  4.597451e+05 |   +6.23% |  5.46e-10 |      
[INFO GPL-0100] Timing-driven iteration 1/2, virtual: false.
[INFO GPL-0101]    Iter: 293, overflow: 0.631, keep resizer changes at: 1, HPWL: 466238196
