make: Entering directory '/home/hatch/workspace/rv32imc-cpu/tools/orfs/flow'
/home/hatch/workspace/rv32imc-cpu/tools/orfs/flow/scripts/flow.sh 5_1_grt global_route
Running global_route.tcl, stage 5_1_grt
source /home/hatch/workspace/rv32imc-cpu/tools/orfs/flow/platforms/asap7/liberty_suppressions.tcl
read_liberty /home/hatch/workspace/rv32imc-cpu/tools/orfs/flow/platforms/asap7/lib/NLDM/asap7sc7p5t_AO_RVT_FF_nldm_211120.lib.gz
read_liberty /home/hatch/workspace/rv32imc-cpu/tools/orfs/flow/platforms/asap7/lib/NLDM/asap7sc7p5t_INVBUF_RVT_FF_nldm_220122.lib.gz
read_liberty /home/hatch/workspace/rv32imc-cpu/tools/orfs/flow/platforms/asap7/lib/NLDM/asap7sc7p5t_OA_RVT_FF_nldm_211120.lib.gz
read_liberty /home/hatch/workspace/rv32imc-cpu/tools/orfs/flow/platforms/asap7/lib/NLDM/asap7sc7p5t_SIMPLE_RVT_FF_nldm_211120.lib.gz
read_liberty /home/hatch/workspace/rv32imc-cpu/tools/orfs/flow/platforms/asap7/lib/NLDM/asap7sc7p5t_SEQ_RVT_FF_nldm_220123.lib
read_db ./results/asap7/rv32imc_top/p950/4_cts.odb
read_sdc ./results/asap7/rv32imc_top/p950/4_cts.sdc
source /home/hatch/workspace/rv32imc-cpu/tools/orfs/flow/platforms/asap7/setRC.tcl
pin_access
[INFO DRT-0149] Reading tech and libs.

Units:                1000
Number of layers:     21
Number of macros:     212
Number of vias:       14
Number of viarulegen: 11

[INFO DRT-0150] Reading design.

Design:                   rv32imc_top
Die area:                 ( 0 0 ) ( 90870 90870 )
Number of track patterns: 32
Number of DEF vias:       0
Number of components:     31817
Number of terminals:      234
Number of snets:          2
Number of nets:           33759

[INFO DRT-0167] List of default vias:
  Layer V2
    default via: VIA23
  Layer V3
    default via: VIA34
  Layer V4
    default via: VIA45
  Layer V5
    default via: VIA56
  Layer V6
    default via: VIA67
  Layer V7
    default via: VIA78
  Layer V8
    default via: VIA89
  Layer V9
    default via: VIA9Pad
[INFO DRT-0162] Library cell analysis.
[INFO DRT-0163] Instance analysis.
[INFO DRT-0164] Number of unique instances = 224.
[INFO DRT-0168] Init region query.
[INFO DRT-0024]   Complete Active.
[INFO DRT-0024]   Complete V0.
[INFO DRT-0024]   Complete M1.
[INFO DRT-0024]   Complete V1.
[INFO DRT-0024]   Complete M2.
[INFO DRT-0024]   Complete V2.
[INFO DRT-0024]   Complete M3.
[INFO DRT-0024]   Complete V3.
[INFO DRT-0024]   Complete M4.
[INFO DRT-0024]   Complete V4.
[INFO DRT-0024]   Complete M5.
[INFO DRT-0024]   Complete V5.
[INFO DRT-0024]   Complete M6.
[INFO DRT-0024]   Complete V6.
[INFO DRT-0024]   Complete M7.
[INFO DRT-0024]   Complete V7.
[INFO DRT-0024]   Complete M8.
[INFO DRT-0024]   Complete V8.
[INFO DRT-0024]   Complete M9.
[INFO DRT-0024]   Complete V9.
[INFO DRT-0024]   Complete Pad.
[INFO DRT-0033] Active shape region query size = 0.
[INFO DRT-0033] V0 shape region query size = 0.
[INFO DRT-0033] M1 shape region query size = 520704.
[INFO DRT-0033] V1 shape region query size = 830306.
[INFO DRT-0033] M2 shape region query size = 25563.
[INFO DRT-0033] V2 shape region query size = 15939.
[INFO DRT-0033] M3 shape region query size = 15939.
[INFO DRT-0033] V3 shape region query size = 10626.
[INFO DRT-0033] M4 shape region query size = 10718.
[INFO DRT-0033] V4 shape region query size = 10626.
[INFO DRT-0033] M5 shape region query size = 6014.
[INFO DRT-0033] V5 shape region query size = 1056.
[INFO DRT-0033] M6 shape region query size = 592.
[INFO DRT-0033] V6 shape region query size = 0.
[INFO DRT-0033] M7 shape region query size = 0.
[INFO DRT-0033] V7 shape region query size = 0.
[INFO DRT-0033] M8 shape region query size = 0.
[INFO DRT-0033] V8 shape region query size = 0.
[INFO DRT-0033] M9 shape region query size = 0.
[INFO DRT-0033] V9 shape region query size = 0.
[INFO DRT-0033] Pad shape region query size = 0.
[INFO DRT-0165] Start pin access.
[INFO DRT-0076]   Complete 1000 pins.
[INFO DRT-0078]   Complete 1236 pins.
[INFO DRT-0079]   Complete 100 unique inst patterns.
[INFO DRT-0079]   Complete 200 unique inst patterns.
[INFO DRT-0081]   Complete 224 unique inst patterns.
[INFO DRT-0082]   Complete 10000 groups.
[INFO DRT-0084]   Complete 19294 groups.
#scanned instances     = 31817
#unique  instances     = 224
#stdCellGenAp          = 6357
#stdCellValidPlanarAp  = 76
#stdCellValidViaAp     = 5131
#stdCellPinNoAp        = 0
#stdCellPinCnt         = 98228
#instTermValidViaApCnt = 0
#macroGenAp            = 0
#macroValidPlanarAp    = 0
#macroValidViaAp       = 0
#macroNoAp             = 0
[INFO DRT-0166] Complete pin access.
[INFO DRT-0267] cpu time = 00:10:06, elapsed time = 00:06:55, memory = 330.00 (MB), peak = 350.46 (MB)
Took 417 seconds: pin_access
global_route -congestion_report_file ./reports/asap7/rv32imc_top/p950/congestion.rpt -congestion_iterations 30 -congestion_report_iter_step 5 -verbose -resistance_aware
[INFO GRT-0020] Min routing layer: M2
[INFO GRT-0021] Max routing layer: M7
[INFO GRT-0022] Global adjustment: 0%
[INFO GRT-0023] Grid origin: (0, 0)
[INFO GRT-0088] Layer M1      Track-Pitch = 0.0360  line-2-Via Pitch: 0.0360
[INFO GRT-0088] Layer M2      Track-Pitch = 0.0390  line-2-Via Pitch: 0.0360
[INFO GRT-0088] Layer M3      Track-Pitch = 0.0360  line-2-Via Pitch: 0.0360
[INFO GRT-0088] Layer M4      Track-Pitch = 0.0480  line-2-Via Pitch: 0.0480
[INFO GRT-0088] Layer M5      Track-Pitch = 0.0480  line-2-Via Pitch: 0.0480
[INFO GRT-0088] Layer M6      Track-Pitch = 0.0640  line-2-Via Pitch: 0.0640
[INFO GRT-0088] Layer M7      Track-Pitch = 0.0640  line-2-Via Pitch: 0.0640
[INFO GRT-0003] Macros: 0
[INFO GRT-0004] Blockages: 8967
[INFO GRT-0019] Found 140 clock nets.
[INFO GRT-0001] Minimum degree: 2
[INFO GRT-0002] Maximum degree: 99

[INFO GRT-0053] Routing resources analysis:
          Routing      Original      Derated      Resource
Layer     Direction    Resources     Resources    Reduction (%)
---------------------------------------------------------------
M1         Vertical            0             0          0.00%
M2         Horizontal     295536        212888          27.97%
M3         Vertical       383388        284715          25.74%
M4         Horizontal     293501        217855          25.77%
M5         Vertical       283537        210137          25.89%
M6         Horizontal     198740        134280          32.43%
M7         Vertical       224360        151206          32.61%
---------------------------------------------------------------

[INFO GRT-0197] Via related to pin nodes: 187056
[INFO GRT-0198] Via related Steiner nodes: 4904
[INFO GRT-0199] Via filling finished.
[INFO GRT-0111] Final number of vias: 243076
[INFO GRT-0112] Final usage 3D: 931273

[INFO GRT-0096] Final congestion report:
Layer         Resource        Demand        Usage (%)    Max H / Max V / Total Overflow
---------------------------------------------------------------------------------------
M1                   0             0            0.00%             0 /  0 /  0
M2              212888         72729           34.16%             0 /  0 /  0
M3              284715         90559           31.81%             0 /  0 /  0
M4              217855         21881           10.04%             0 /  0 /  0
M5              210137          7824            3.72%             0 /  0 /  0
M6              134280          4691            3.49%             0 /  0 /  0
M7              151206          4361            2.88%             0 /  0 /  0
---------------------------------------------------------------------------------------
Total          1211081        202045           16.68%             0 /  0 /  0

[INFO GRT-0018] Total wirelength: 159610 um
[INFO GRT-0014] Routed nets: 33721
[INFO GRT-0303] Global routing runtime = 00:00:29
Took 30 seconds: global_route -congestion_report_file ./reports/asap7/rv32imc_top/p950/congestion.rpt -congestion_iterations 30 -congestion_report_iter_step 5 -verbose -resistance_aware
estimate_parasitics -global_routing
Perform buffer insertion and gate resizing...
repair_design -verbose
Iteration |   Area    | Resized | Buffers | Nets repaired | Remaining
---------------------------------------------------------------------
        0 |     +0.0% |       0 |       0 |             0 |     33870
     1000 |     +0.0% |       0 |       0 |             0 |     32870
     2000 |     +0.0% |       0 |       0 |             0 |     31870
     3000 |     +0.0% |       0 |       0 |             0 |     30870
     4000 |     +0.0% |       0 |       0 |             0 |     29870
     5000 |     +0.0% |       0 |       0 |             0 |     28870
     6000 |     +0.0% |       0 |       0 |             0 |     27870
     7000 |     +0.0% |       0 |       0 |             0 |     26870
[WARNING RSZ-0104] Net _31193_ only has one pin. Check if it is intended to be dangling.
[WARNING RSZ-0104] Net _31171_ only has one pin. Check if it is intended to be dangling.
[WARNING RSZ-0104] Net _31168_ only has one pin. Check if it is intended to be dangling.
     8000 |     +0.0% |       0 |       0 |             0 |     25870
[WARNING RSZ-0104] Net _31198_ only has one pin. Check if it is intended to be dangling.
[WARNING RSZ-0104] Net _31194_ only has one pin. Check if it is intended to be dangling.
[WARNING RSZ-0104] Net _31177_ only has one pin. Check if it is intended to be dangling.
[WARNING RSZ-0104] Net _31170_ only has one pin. Check if it is intended to be dangling.
[WARNING RSZ-0104] Net _31169_ only has one pin. Check if it is intended to be dangling.
[WARNING RSZ-0104] Net _31165_ only has one pin. Check if it is intended to be dangling.
     9000 |     +0.0% |       0 |       0 |             0 |     24870
[WARNING RSZ-0104] Net _31183_ only has one pin. Check if it is intended to be dangling.
[WARNING RSZ-0104] Net _31167_ only has one pin. Check if it is intended to be dangling.
    10000 |     +0.0% |       0 |       0 |             0 |     23870
[WARNING RSZ-0104] Net _31178_ only has one pin. Check if it is intended to be dangling.
[WARNING RSZ-0104] Net _31176_ only has one pin. Check if it is intended to be dangling.
[WARNING RSZ-0104] Net _31175_ only has one pin. Check if it is intended to be dangling.
[WARNING RSZ-0104] Net _31166_ only has one pin. Check if it is intended to be dangling.
[WARNING RSZ-0104] Net _31189_ only has one pin. Check if it is intended to be dangling.
[WARNING RSZ-0104] Net _31187_ only has one pin. Check if it is intended to be dangling.
[WARNING RSZ-0104] Net _31179_ only has one pin. Check if it is intended to be dangling.
[WARNING RSZ-0104] Net _31173_ only has one pin. Check if it is intended to be dangling.
    11000 |     +0.0% |       0 |       0 |             0 |     22870
[WARNING RSZ-0104] Net _31195_ only has one pin. Check if it is intended to be dangling.
[WARNING RSZ-0104] Net _31191_ only has one pin. Check if it is intended to be dangling.
[WARNING RSZ-0104] Net _31188_ only has one pin. Check if it is intended to be dangling.
[WARNING RSZ-0104] Net _31184_ only has one pin. Check if it is intended to be dangling.
[WARNING RSZ-0104] Net _31182_ only has one pin. Check if it is intended to be dangling.
[WARNING RSZ-0104] Net _31180_ only has one pin. Check if it is intended to be dangling.
[WARNING RSZ-0104] Net _31174_ only has one pin. Check if it is intended to be dangling.
[WARNING RSZ-0104] Net _31172_ only has one pin. Check if it is intended to be dangling.
[WARNING RSZ-0104] Net _31185_ only has one pin. Check if it is intended to be dangling.
    12000 |     +0.0% |       0 |       0 |             0 |     21870
[WARNING RSZ-0104] Net _31201_ only has one pin. Check if it is intended to be dangling.
[WARNING RSZ-0104] Net _31200_ only has one pin. Check if it is intended to be dangling.
[WARNING RSZ-0104] Net _31192_ only has one pin. Check if it is intended to be dangling.
[WARNING RSZ-0104] Net _31190_ only has one pin. Check if it is intended to be dangling.
[WARNING RSZ-0104] Net _31186_ only has one pin. Check if it is intended to be dangling.
[WARNING RSZ-0104] Net _31181_ only has one pin. Check if it is intended to be dangling.
    13000 |     +0.0% |       0 |       0 |             0 |     20870
[WARNING RSZ-0104] Net _31199_ only has one pin. Check if it is intended to be dangling.
    14000 |     +0.0% |       0 |       0 |             0 |     19870
    15000 |     +0.0% |       0 |       0 |             0 |     18870
    16000 |     +0.0% |       0 |       0 |             0 |     17870
    17000 |     +0.0% |       0 |       0 |             0 |     16870
    18000 |     +0.0% |       0 |       0 |             0 |     15870
    19000 |     +0.0% |       0 |       0 |             0 |     14870
    20000 |     +0.0% |       0 |       0 |             0 |     13870
    21000 |     +0.0% |       0 |       0 |             0 |     12870
    22000 |     +0.0% |       0 |       0 |             0 |     11870
    23000 |     +0.0% |       0 |       0 |             0 |     10870
    24000 |     +0.0% |       0 |       0 |             0 |      9870
    25000 |     +0.0% |       0 |       0 |             0 |      8870
    26000 |     +0.0% |       0 |       0 |             0 |      7870
    27000 |     +0.0% |       0 |       0 |             0 |      6870
[WARNING RSZ-0104] Net _31197_ only has one pin. Check if it is intended to be dangling.
[WARNING RSZ-0104] Net _31196_ only has one pin. Check if it is intended to be dangling.
[WARNING RSZ-0104] Net _31164_ only has one pin. Check if it is intended to be dangling.
    28000 |     +0.0% |       0 |       0 |             0 |      5870
    29000 |     +0.0% |       0 |       0 |             0 |      4870
    30000 |     +0.0% |       0 |       0 |             0 |      3870
    31000 |     +0.0% |       0 |       0 |             0 |      2870
    32000 |     +0.0% |       0 |       0 |             0 |      1870
    33000 |     +0.0% |       0 |       1 |             1 |       870
    final |     +0.0% |       0 |       1 |             1 |         0
---------------------------------------------------------------------
[INFO RSZ-0034] Found 1 slew violations.
[INFO RSZ-0038] Inserted 1 buffers in 1 nets.
Took 11 seconds: repair_design -verbose
global_route -start_incremental
detailed_placement
[INFO DPL-0006] Core area: 7521.05 um^2, Instances area: 3549.66 um^2, Utilization: 47.2%
[INFO DPL-0005] Diamond search max displacement: +/- 500 sites horizontally, +/- 100 rows vertically.
[INFO DPL-1101] Legalizing using diamond search.
Movements Summary
---------------------------------------
Total cells:                   30692
Diamond Move Success:          30692 (100.00%)
Diamond Move Failure:              0
Rip-up and replace Success:        0 (  0.00% of diamond failures)
Rip-up and replace Failure:        0
Total Placement Failures:          0
---------------------------------------
Placement Analysis
---------------------------------
total displacement          0.5 u
average displacement        0.0 u
max displacement            0.3 u
original HPWL           95045.9 u
legalized HPWL          95045.8 u
delta HPWL                    0 %

global_route -end_incremental -resistance_aware -congestion_report_file ./reports/asap7/rv32imc_top/p950/congestion_post_repair_design.rpt
Took 6 seconds: global_route -end_incremental -resistance_aware -congestion_report_file ./reports/asap7/rv32imc_top/p950/congestion_post_repair_design.rpt
Repair setup and hold violations...
estimate_parasitics -global_routing
repair_timing -setup_margin 0 -hold_margin 0 -repair_tns 100 -verbose
[INFO RSZ-0100] Repair move sequence: UnbufferMove SizeUpMove SwapPinsMove BufferMove CloneMove SplitLoadMove 
[INFO RSZ-0094] Found 95 endpoints with setup violations.
[INFO RSZ-0099] Repairing 95 out of 95 (100.00%) violating endpoints...
   Iter   | Removed | Resized | Inserted | Cloned |  Pin  |   Area   |    WNS   |   StTNS    |   EnTNS    |  Viol  |  Worst  
          | Buffers |  Gates  | Buffers  |  Gates | Swaps |          |          |            |            | Endpts | St/EnPt 
------------------------------------------------------------------------------------------------------------------------------
       0* |       0 |       0 |        0 |      0 |     0 |    +0.0% |  -36.838 |     -383.3 |     -870.4 |     95 | u_mul.result\[28\]$_DFFE_PN0P_/D
      10* |       0 |       0 |       10 |      0 |     5 |    +0.0% |  -27.963 |     -334.3 |     -791.3 |     95 | u_mul.result\[28\]$_DFFE_PN0P_/D
      20* |       0 |       0 |       37 |      0 |     8 |    +0.1% |  -13.513 |     -140.4 |     -557.4 |     95 | u_mul.result\[26\]$_DFFE_PN0P_/D
      26* |       0 |       1 |       40 |      0 |    11 |    +0.1% |  -11.888 |      -90.9 |     -513.5 |     95 | fbuf\[10\]$_DFFE_PN0P_/D
      29* |       0 |       1 |       45 |      0 |    11 |    +0.1% |  -11.888 |      -78.0 |     -499.9 |     95 | fbuf\[10\]$_DFFE_PN0P_/D
      30* |       0 |       1 |       45 |      0 |    11 |    +0.1% |  -11.888 |      -78.0 |     -499.9 |     95 | fbuf\[10\]$_DFFE_PN0P_/D
      32* |       0 |       1 |       49 |      0 |    12 |    +0.1% |  -11.888 |      -77.3 |     -499.2 |     95 | fbuf\[10\]$_DFFE_PN0P_/D
      33* |       0 |       1 |       49 |      0 |    12 |    +0.1% |  -11.888 |      -77.3 |     -499.2 |     95 | fbuf\[10\]$_DFFE_PN0P_/D
      40* |       0 |       2 |       53 |      0 |    15 |    +0.1% |  -11.888 |      -58.9 |     -489.0 |     95 | fbuf\[10\]$_DFFE_PN0P_/D
      40* |       0 |       2 |       53 |      0 |    15 |    +0.1% |  -11.888 |      -58.9 |     -489.0 |     95 | fbuf\[10\]$_DFFE_PN0P_/D
      41* |       0 |       2 |       53 |      0 |    15 |    +0.1% |  -11.888 |      -58.9 |     -489.0 |     95 | fbuf\[10\]$_DFFE_PN0P_/D
      49* |       0 |       3 |       56 |      0 |    19 |    +0.2% |  -11.888 |      -37.7 |     -462.7 |     95 | fbuf\[10\]$_DFFE_PN0P_/D
      50* |       0 |       3 |       56 |      0 |    19 |    +0.2% |  -11.888 |      -37.7 |     -462.7 |     95 | fbuf\[10\]$_DFFE_PN0P_/D
      50* |       0 |       3 |       56 |      0 |    19 |    +0.2% |  -11.888 |      -37.7 |     -462.7 |     95 | fbuf\[10\]$_DFFE_PN0P_/D
      52* |       0 |       4 |       56 |      0 |    19 |    +0.2% |  -11.888 |      -37.5 |     -462.4 |     95 | fbuf\[10\]$_DFFE_PN0P_/D
      55* |       0 |       5 |       58 |      0 |    19 |    +0.2% |  -11.853 |      -14.9 |      -14.9 |     95 | u_mul.result\[28\]$_DFFE_PN0P_/D
      56* |       0 |       5 |       58 |      0 |    19 |    +0.2% |  -11.853 |      -14.9 |      -14.9 |     95 | u_mul.result\[28\]$_DFFE_PN0P_/D
      57* |       0 |       5 |       58 |      0 |    19 |    +0.2% |  -11.853 |      -14.9 |      -14.9 |     95 | u_mul.result\[28\]$_DFFE_PN0P_/D
      58* |       0 |       5 |       58 |      0 |    19 |    +0.2% |  -11.853 |      -14.9 |      -14.9 |     95 | u_mul.result\[28\]$_DFFE_PN0P_/D
      59* |       0 |       5 |       58 |      0 |    19 |    +0.2% |  -11.853 |      -14.9 |      -14.9 |     95 | u_mul.result\[28\]$_DFFE_PN0P_/D
      60* |       0 |       5 |       58 |      0 |    19 |    +0.2% |  -11.853 |      -14.9 |      -14.9 |     95 | u_mul.result\[28\]$_DFFE_PN0P_/D
      60* |       0 |       5 |       58 |      0 |    19 |    +0.2% |  -11.853 |      -14.9 |      -14.9 |     95 | u_mul.result\[28\]$_DFFE_PN0P_/D
      61* |       0 |       5 |       58 |      0 |    19 |    +0.2% |  -11.853 |      -14.9 |      -14.9 |     95 | u_mul.result\[28\]$_DFFE_PN0P_/D
      62* |       0 |       5 |       58 |      0 |    19 |    +0.2% |  -11.853 |      -14.9 |      -14.9 |     95 | u_mul.result\[28\]$_DFFE_PN0P_/D
      63* |       0 |       5 |       58 |      0 |    19 |    +0.2% |  -11.853 |      -14.9 |      -14.9 |     95 | u_mul.result\[28\]$_DFFE_PN0P_/D
      64* |       0 |       5 |       58 |      0 |    19 |    +0.2% |  -11.853 |      -14.9 |      -14.9 |     95 | u_mul.result\[28\]$_DFFE_PN0P_/D
      65* |       0 |       5 |       58 |      0 |    19 |    +0.2% |  -11.853 |      -14.9 |      -14.9 |     95 | u_mul.result\[28\]$_DFFE_PN0P_/D
      66* |       0 |       5 |       58 |      0 |    19 |    +0.2% |  -11.853 |      -14.9 |      -14.9 |     95 | u_mul.result\[28\]$_DFFE_PN0P_/D
      67* |       0 |       5 |       58 |      0 |    19 |    +0.2% |  -11.853 |      -14.9 |      -14.9 |     95 | u_mul.result\[28\]$_DFFE_PN0P_/D
      68* |       0 |       5 |       58 |      0 |    19 |    +0.2% |  -11.853 |      -14.9 |      -14.9 |     95 | u_mul.result\[28\]$_DFFE_PN0P_/D
      69* |       0 |       5 |       58 |      0 |    19 |    +0.2% |  -11.853 |      -14.9 |      -14.9 |     95 | u_mul.result\[28\]$_DFFE_PN0P_/D
      70* |       0 |       5 |       58 |      0 |    19 |    +0.2% |  -11.853 |      -14.9 |      -14.9 |     95 | u_mul.result\[28\]$_DFFE_PN0P_/D
      70* |       0 |       5 |       58 |      0 |    19 |    +0.2% |  -11.853 |      -14.9 |      -14.9 |     95 | u_mul.result\[28\]$_DFFE_PN0P_/D
      71* |       0 |       5 |       58 |      0 |    19 |    +0.2% |  -11.853 |      -14.9 |      -14.9 |     95 | u_mul.result\[28\]$_DFFE_PN0P_/D
      72* |       0 |       5 |       58 |      0 |    19 |    +0.2% |  -11.853 |      -14.9 |      -14.9 |     95 | u_mul.result\[28\]$_DFFE_PN0P_/D
      73* |       0 |       5 |       58 |      0 |    19 |    +0.2% |  -11.853 |      -14.9 |      -14.9 |     95 | u_mul.result\[28\]$_DFFE_PN0P_/D
      74* |       0 |       5 |       58 |      0 |    19 |    +0.2% |  -11.853 |      -14.9 |      -14.9 |     95 | u_mul.result\[28\]$_DFFE_PN0P_/D
      75* |       0 |       5 |       58 |      0 |    19 |    +0.2% |  -11.853 |      -14.9 |      -14.9 |     95 | u_mul.result\[28\]$_DFFE_PN0P_/D
      76* |       0 |       5 |       58 |      0 |    19 |    +0.2% |  -11.853 |      -14.9 |      -14.9 |     95 | u_mul.result\[28\]$_DFFE_PN0P_/D
      77* |       0 |       5 |       58 |      0 |    19 |    +0.2% |  -11.853 |      -14.9 |      -14.9 |     95 | u_mul.result\[28\]$_DFFE_PN0P_/D
      78* |       0 |       5 |       58 |      0 |    19 |    +0.2% |  -11.853 |      -14.9 |      -14.9 |     95 | u_mul.result\[28\]$_DFFE_PN0P_/D
      79* |       0 |       5 |       58 |      0 |    19 |    +0.2% |  -11.853 |      -14.9 |      -14.9 |     95 | u_mul.result\[28\]$_DFFE_PN0P_/D
      80* |       0 |       5 |       58 |      0 |    19 |    +0.2% |  -11.853 |      -14.9 |      -14.9 |     95 | u_mul.result\[28\]$_DFFE_PN0P_/D
      80* |       0 |       5 |       58 |      0 |    19 |    +0.2% |  -11.853 |      -14.9 |      -14.9 |     95 | u_mul.result\[28\]$_DFFE_PN0P_/D
      81* |       0 |       5 |       58 |      0 |    19 |    +0.2% |  -11.853 |      -14.9 |      -14.9 |     95 | u_mul.result\[28\]$_DFFE_PN0P_/D
      82* |       0 |       5 |       58 |      0 |    19 |    +0.2% |  -11.853 |      -14.9 |      -14.9 |     95 | u_mul.result\[28\]$_DFFE_PN0P_/D
      83* |       0 |       5 |       58 |      0 |    19 |    +0.2% |  -11.853 |      -14.9 |      -14.9 |     95 | u_mul.result\[28\]$_DFFE_PN0P_/D
      84* |       0 |       5 |       58 |      0 |    19 |    +0.2% |  -11.853 |      -14.9 |      -14.9 |     95 | u_mul.result\[28\]$_DFFE_PN0P_/D
      85* |       0 |       5 |       58 |      0 |    19 |    +0.2% |  -11.853 |      -14.9 |      -14.9 |     95 | u_mul.result\[28\]$_DFFE_PN0P_/D
      86* |       0 |       5 |       58 |      0 |    19 |    +0.2% |  -11.853 |      -14.9 |      -14.9 |     95 | u_mul.result\[28\]$_DFFE_PN0P_/D
      87* |       0 |       5 |       58 |      0 |    19 |    +0.2% |  -11.853 |      -14.9 |      -14.9 |     95 | u_mul.result\[28\]$_DFFE_PN0P_/D
      88* |       0 |       5 |       58 |      0 |    19 |    +0.2% |  -11.853 |      -14.9 |      -14.9 |     95 | u_mul.result\[28\]$_DFFE_PN0P_/D
      89* |       0 |       5 |       58 |      0 |    19 |    +0.2% |  -11.853 |      -14.9 |      -14.9 |     95 | u_mul.result\[28\]$_DFFE_PN0P_/D
      90* |       0 |       5 |       58 |      0 |    19 |    +0.2% |  -11.853 |      -14.9 |      -14.9 |     95 | u_mul.result\[28\]$_DFFE_PN0P_/D
      90* |       0 |       5 |       58 |      0 |    19 |    +0.2% |  -11.853 |      -14.9 |      -14.9 |     95 | u_mul.result\[28\]$_DFFE_PN0P_/D
      91* |       0 |       5 |       58 |      0 |    19 |    +0.2% |  -11.853 |      -14.9 |      -14.9 |     95 | u_mul.result\[28\]$_DFFE_PN0P_/D
      92* |       0 |       5 |       58 |      0 |    19 |    +0.2% |  -11.853 |      -14.9 |      -14.9 |     95 | u_mul.result\[28\]$_DFFE_PN0P_/D
      93* |       0 |       5 |       58 |      0 |    19 |    +0.2% |  -11.853 |      -14.9 |      -14.9 |     95 | u_mul.result\[28\]$_DFFE_PN0P_/D
      94* |       0 |       5 |       58 |      0 |    19 |    +0.2% |  -11.853 |      -14.9 |      -14.9 |     95 | u_mul.result\[28\]$_DFFE_PN0P_/D
      95* |       0 |       5 |       58 |      0 |    19 |    +0.2% |  -11.853 |      -14.9 |      -14.9 |     95 | u_mul.result\[28\]$_DFFE_PN0P_/D
      96* |       0 |       5 |       58 |      0 |    19 |    +0.2% |  -11.853 |      -14.9 |      -14.9 |     95 | u_mul.result\[28\]$_DFFE_PN0P_/D
      97* |       0 |       5 |       58 |      0 |    19 |    +0.2% |  -11.853 |      -14.9 |      -14.9 |     95 | u_mul.result\[28\]$_DFFE_PN0P_/D
      98* |       0 |       5 |       58 |      0 |    19 |    +0.2% |  -11.853 |      -14.9 |      -14.9 |     95 | u_mul.result\[28\]$_DFFE_PN0P_/D
      99* |       0 |       5 |       58 |      0 |    19 |    +0.2% |  -11.853 |      -14.9 |      -14.9 |     95 | u_mul.result\[28\]$_DFFE_PN0P_/D
     100* |       0 |       5 |       58 |      0 |    19 |    +0.2% |  -11.853 |      -14.9 |      -14.9 |     95 | u_mul.result\[28\]$_DFFE_PN0P_/D
     100* |       0 |       5 |       58 |      0 |    19 |    +0.2% |  -11.853 |      -14.9 |      -14.9 |     95 | u_mul.result\[28\]$_DFFE_PN0P_/D
     101* |       0 |       5 |       58 |      0 |    19 |    +0.2% |  -11.853 |      -14.9 |      -14.9 |     95 | u_mul.result\[28\]$_DFFE_PN0P_/D
     102* |       0 |       5 |       58 |      0 |    19 |    +0.2% |  -11.853 |      -14.9 |      -14.9 |     95 | u_mul.result\[28\]$_DFFE_PN0P_/D
     103* |       0 |       5 |       58 |      0 |    19 |    +0.2% |  -11.853 |      -14.9 |      -14.9 |     95 | u_mul.result\[28\]$_DFFE_PN0P_/D
     104* |       0 |       5 |       58 |      0 |    19 |    +0.2% |  -11.853 |      -14.9 |      -14.9 |     95 | u_mul.result\[28\]$_DFFE_PN0P_/D
     105* |       0 |       5 |       58 |      0 |    19 |    +0.2% |  -11.853 |      -14.9 |      -14.9 |     95 | u_mul.result\[28\]$_DFFE_PN0P_/D
     106* |       0 |       5 |       58 |      0 |    19 |    +0.2% |  -11.853 |      -14.9 |      -14.9 |     95 | u_mul.result\[28\]$_DFFE_PN0P_/D
     107* |       0 |       5 |       58 |      0 |    19 |    +0.2% |  -11.853 |      -14.9 |      -14.9 |     95 | u_mul.result\[28\]$_DFFE_PN0P_/D
     108* |       0 |       5 |       58 |      0 |    19 |    +0.2% |  -11.853 |      -14.9 |      -14.9 |     95 | u_mul.result\[28\]$_DFFE_PN0P_/D
     109* |       0 |       5 |       58 |      0 |    19 |    +0.2% |  -11.853 |      -14.9 |      -14.9 |     95 | u_mul.result\[28\]$_DFFE_PN0P_/D
     110* |       0 |       5 |       58 |      0 |    19 |    +0.2% |  -11.853 |      -14.9 |      -14.9 |     95 | u_mul.result\[28\]$_DFFE_PN0P_/D
     110* |       0 |       5 |       58 |      0 |    19 |    +0.2% |  -11.853 |      -14.9 |      -14.9 |     95 | u_mul.result\[28\]$_DFFE_PN0P_/D
     111* |       0 |       5 |       58 |      0 |    19 |    +0.2% |  -11.853 |      -14.9 |      -14.9 |     95 | u_mul.result\[28\]$_DFFE_PN0P_/D
     112* |       0 |       5 |       58 |      0 |    19 |    +0.2% |  -11.853 |      -14.9 |      -14.9 |     95 | u_mul.result\[28\]$_DFFE_PN0P_/D
     113* |       0 |       5 |       58 |      0 |    19 |    +0.2% |  -11.853 |      -14.9 |      -14.9 |     95 | u_mul.result\[28\]$_DFFE_PN0P_/D
     115* |       0 |       5 |       63 |      0 |    19 |    +0.2% |  -11.853 |      -11.9 |      -11.9 |     95 | u_mul.result\[28\]$_DFFE_PN0P_/D
     116* |       0 |       5 |       63 |      0 |    19 |    +0.2% |  -11.853 |      -11.9 |      -11.9 |     95 | u_mul.result\[28\]$_DFFE_PN0P_/D
     117* |       0 |       5 |       63 |      0 |    19 |    +0.2% |  -11.853 |      -11.9 |      -11.9 |     95 | u_mul.result\[28\]$_DFFE_PN0P_/D
     118* |       0 |       5 |       63 |      0 |    19 |    +0.2% |  -11.853 |      -11.9 |      -11.9 |     95 | u_mul.result\[28\]$_DFFE_PN0P_/D
     119* |       0 |       5 |       63 |      0 |    19 |    +0.2% |  -11.853 |      -11.9 |      -11.9 |     95 | u_mul.result\[28\]$_DFFE_PN0P_/D
     120* |       0 |       5 |       63 |      0 |    19 |    +0.2% |  -11.853 |      -11.9 |      -11.9 |     95 | u_mul.result\[28\]$_DFFE_PN0P_/D
     120* |       0 |       5 |       63 |      0 |    19 |    +0.2% |  -11.853 |      -11.9 |      -11.9 |     95 | u_mul.result\[28\]$_DFFE_PN0P_/D
     121* |       0 |       5 |       63 |      0 |    19 |    +0.2% |  -11.853 |      -11.9 |      -11.9 |     95 | u_mul.result\[28\]$_DFFE_PN0P_/D
     122* |       0 |       5 |       63 |      0 |    19 |    +0.2% |  -11.853 |      -11.9 |      -11.9 |     95 | u_mul.result\[28\]$_DFFE_PN0P_/D
     123* |       0 |       5 |       63 |      0 |    19 |    +0.2% |  -11.853 |      -11.9 |      -11.9 |     95 | u_mul.result\[28\]$_DFFE_PN0P_/D
     124* |       0 |       5 |       63 |      0 |    19 |    +0.2% |  -11.853 |      -11.9 |      -11.9 |     95 | u_mul.result\[28\]$_DFFE_PN0P_/D
     125* |       0 |       5 |       63 |      0 |    19 |    +0.2% |  -11.853 |      -11.9 |      -11.9 |     95 | u_mul.result\[28\]$_DFFE_PN0P_/D
     126* |       0 |       5 |       63 |      0 |    19 |    +0.2% |  -11.853 |      -11.9 |      -11.9 |     95 | u_mul.result\[28\]$_DFFE_PN0P_/D
     127* |       0 |       5 |       63 |      0 |    19 |    +0.2% |  -11.853 |      -11.9 |      -11.9 |     95 | u_mul.result\[28\]$_DFFE_PN0P_/D
     128* |       0 |       5 |       63 |      0 |    19 |    +0.2% |  -11.853 |      -11.9 |      -11.9 |     95 | u_mul.result\[28\]$_DFFE_PN0P_/D
     129* |       0 |       5 |       63 |      0 |    19 |    +0.2% |  -11.853 |      -11.9 |      -11.9 |     95 | u_mul.result\[28\]$_DFFE_PN0P_/D
     130* |       0 |       5 |       63 |      0 |    19 |    +0.2% |  -11.853 |      -11.9 |      -11.9 |     95 | u_mul.result\[28\]$_DFFE_PN0P_/D
     130* |       0 |       5 |       63 |      0 |    19 |    +0.2% |  -11.853 |      -11.9 |      -11.9 |     95 | u_mul.result\[28\]$_DFFE_PN0P_/D
     131* |       0 |       5 |       63 |      0 |    19 |    +0.2% |  -11.853 |      -11.9 |      -11.9 |     95 | u_mul.result\[28\]$_DFFE_PN0P_/D
     132* |       0 |       5 |       63 |      0 |    19 |    +0.2% |  -11.853 |      -11.9 |      -11.9 |     95 | u_mul.result\[28\]$_DFFE_PN0P_/D
     133* |       0 |       5 |       63 |      0 |    19 |    +0.2% |  -11.853 |      -11.9 |      -11.9 |     95 | u_mul.result\[28\]$_DFFE_PN0P_/D
     134* |       0 |       5 |       63 |      0 |    19 |    +0.2% |  -11.853 |      -11.9 |      -11.9 |     95 | u_mul.result\[28\]$_DFFE_PN0P_/D
     135* |       0 |       5 |       63 |      0 |    19 |    +0.2% |  -11.853 |      -11.9 |      -11.9 |     95 | u_mul.result\[28\]$_DFFE_PN0P_/D
     136* |       0 |       5 |       63 |      0 |    19 |    +0.2% |  -11.853 |      -11.9 |      -11.9 |     95 | u_mul.result\[28\]$_DFFE_PN0P_/D
     137* |       0 |       5 |       63 |      0 |    19 |    +0.2% |  -11.853 |      -11.9 |      -11.9 |     95 | u_mul.result\[28\]$_DFFE_PN0P_/D
     138* |       0 |       5 |       63 |      0 |    19 |    +0.2% |  -11.853 |      -11.9 |      -11.9 |     95 | u_mul.result\[28\]$_DFFE_PN0P_/D
     139* |       0 |       5 |       63 |      0 |    19 |    +0.2% |  -11.853 |      -11.9 |      -11.9 |     95 | u_mul.result\[28\]$_DFFE_PN0P_/D
     140* |       0 |       5 |       63 |      0 |    19 |    +0.2% |  -11.853 |      -11.9 |      -11.9 |     95 | u_mul.result\[28\]$_DFFE_PN0P_/D
     140* |       0 |       5 |       63 |      0 |    19 |    +0.2% |  -11.853 |      -11.9 |      -11.9 |     95 | u_mul.result\[28\]$_DFFE_PN0P_/D
     141* |       0 |       5 |       63 |      0 |    19 |    +0.2% |  -11.853 |      -11.9 |      -11.9 |     95 | u_mul.result\[28\]$_DFFE_PN0P_/D
     141* |       0 |       5 |       63 |      0 |    19 |    +0.2% |  -11.853 |      -11.9 |      -11.9 |     95 | u_mul.result\[28\]$_DFFE_PN0P_/D
     142+ |       0 |       5 |       63 |      0 |    19 |    +0.2% |  -11.853 |      -11.9 |      -11.9 |      1 | u_mul.result\[28\]$_DFFE_PN0P_/D
    final |       0 |       5 |       63 |      0 |    19 |    +0.2% |  -11.853 |      -11.9 |      -11.9 |      1 | u_mul.result\[28\]$_DFFE_PN0P_/D
------------------------------------------------------------------------------------------------------------------------------
[INFO RSZ-0040] Inserted 63 buffers.
[INFO RSZ-0051] Resized 5 instances: 5 up, 0 up match, 0 down, 0 VT
[INFO RSZ-0043] Swapped pins on 19 instances.
[WARNING RSZ-0062] Unable to repair all setup violations.
[INFO RSZ-0033] No hold violations found.
Took 22 seconds: repair_timing -setup_margin 0 -hold_margin 0 -repair_tns 100 -verbose
global_route -start_incremental
detailed_placement
[INFO DPL-0006] Core area: 7521.05 um^2, Instances area: 3555.87 um^2, Utilization: 47.3%
[INFO DPL-0005] Diamond search max displacement: +/- 500 sites horizontally, +/- 100 rows vertically.
[INFO DPL-1101] Legalizing using diamond search.
Movements Summary
---------------------------------------
Total cells:                   30755
Diamond Move Success:          30755 (100.00%)
Diamond Move Failure:              0
Rip-up and replace Success:        0 (  0.00% of diamond failures)
Rip-up and replace Failure:        0
Total Placement Failures:          0
---------------------------------------
Placement Analysis
---------------------------------
total displacement         31.9 u
average displacement        0.0 u
max displacement            0.8 u
original HPWL           95087.3 u
legalized HPWL          95108.8 u
delta HPWL                    0 %

check_placement -verbose
global_route -end_incremental -resistance_aware -congestion_report_file ./reports/asap7/rv32imc_top/p950/congestion_post_repair_timing.rpt
estimate_parasitics -global_routing
repair_timing -setup -sequence "vt_swap reroute" -skip_last_gasp -repair_tns 0 -verbose
[INFO RSZ-0100] Repair move sequence: RerouteMove 
[INFO RSZ-0094] Found 1 endpoints with setup violations.
[INFO RSZ-0099] Repairing 1 out of 1 (0.00%) violating endpoints...
   Iter   | Removed | Resized | Inserted | Cloned |  Pin  |   Area   |    WNS   |   StTNS    |   EnTNS    |  Viol  |  Worst  
          | Buffers |  Gates  | Buffers  |  Gates | Swaps |          |          |            |            | Endpts | St/EnPt 
------------------------------------------------------------------------------------------------------------------------------
       0* |       0 |       0 |        0 |      0 |     0 |    +0.0% |  -11.853 |      -11.9 |      -11.9 |      1 | u_mul.result\[28\]$_DFFE_PN0P_/D
       1* |       0 |       0 |        0 |      0 |     0 |    +0.0% |  -11.853 |      -11.9 |      -11.9 |      1 | u_mul.result\[28\]$_DFFE_PN0P_/D
       1* |       0 |       0 |        0 |      0 |     0 |    +0.0% |  -11.853 |      -11.9 |      -11.9 |      1 | u_mul.result\[28\]$_DFFE_PN0P_/D
    final |       0 |       0 |        0 |      0 |     0 |    +0.0% |  -11.853 |      -11.9 |      -11.9 |      1 | u_mul.result\[28\]$_DFFE_PN0P_/D
------------------------------------------------------------------------------------------------------------------------------
[WARNING RSZ-0062] Unable to repair all setup violations.
Took 8 seconds: repair_timing -setup -sequence "vt_swap reroute" -skip_last_gasp -repair_tns 0 -verbose
Repair antennas...
[WARNING GRT-0246] No diode with LEF class CORE ANTENNACELL found.
[INFO ANT-0002] Found 0 net violations.
[INFO ANT-0001] Found 0 pin violations.
Estimate parasitics...
estimate_parasitics -global_routing
Report metrics stage 5, global route...

==========================================================================
global route report_design_area
--------------------------------------------------------------------------
Design area 3556 um^2 47% utilization.
[INFO FLW-0007] clock core_clk period 950.000000
[INFO FLW-0008] Clock core_clk period 913.760
[INFO FLW-0009] Clock core_clk slack -11.853
write_sdc -no_timestamp ./results/asap7/rv32imc_top/p950/updated_clks.sdc
[INFO FLW-0011] Path endpoint path count 3302
write_db ./results/asap7/rv32imc_top/p950/5_1_grt.odb
write_sdc -no_timestamp ./results/asap7/rv32imc_top/p950/5_1_grt.sdc
Elapsed time: 9:19.29[h:]min:sec. CPU time: user 750.53 sys 43.38 (141%). Peak memory: 851072KB.
Log                       Ext     Elapsed/s Peak Memory/MB sha1sum result [0:20)
5_1_grt                   .odb          559            831 1ddb84f064323e1fc14f
5_1_grt                   .sdc                             830c3c04e142231fc3d5
make: Leaving directory '/home/hatch/workspace/rv32imc-cpu/tools/orfs/flow'
