Startpoint: ex_mem_is_compressed$_DFFE_PP_
            (rising edge-triggered flip-flop clocked by core_clk)
Endpoint: u_mul.genblk1.g_pipe3.pp0_r[50]$_DFFE_PN0P_
          (rising edge-triggered flip-flop clocked by core_clk)
Path Group: core_clk
Path Type: max

Fanout       Cap      Slew     Delay      Time   Description
-------------------------------------------------------------------------------------
                   20.0000    0.0000    0.0000   clock core_clk (rise edge)
                              0.0000    0.0000   clock network delay (ideal)
                   20.0000    0.0000    0.0000 ^ ex_mem_is_compressed$_DFFE_PP_/CLK (DFFHQx4_ASAP7_75t_R)
     3    3.9380    9.2166   52.5916   52.5916 v ex_mem_is_compressed$_DFFE_PP_/Q (DFFHQx4_ASAP7_75t_R)
                                                 ex_mem_is_compressed (net)
                    9.2166    0.0000   52.5916 v _79398_/A (INVx1_ASAP7_75t_R)
     2    1.9819   14.1621    9.9482   62.5398 ^ _79398_/Y (INVx1_ASAP7_75t_R)
                                                 _02016_ (net)
                   14.1621    0.0000   62.5398 ^ _83810_/B (HAxp5_ASAP7_75t_R)
     1    1.3789   22.8874   14.3493   76.8891 v _83810_/CON (HAxp5_ASAP7_75t_R)
                                                 _06417_ (net)
     1    1.2392   21.8688   12.2545   89.1436 ^ _83810_/SN (HAxp5_ASAP7_75t_R)
                                                 _06418_ (net)
                   21.8688    0.0000   89.1436 ^ _78711_/A1 (OAI21x1_ASAP7_75t_R)
     2    2.5012   19.1976   12.2462  101.3898 v _78711_/Y (OAI21x1_ASAP7_75t_R)
                                                 _15182_ (net)
                   19.1976    0.0000  101.3898 v _78722_/B (NAND2x1_ASAP7_75t_R)
     8    9.9629   64.9619   35.8935  137.2833 ^ _78722_/Y (NAND2x1_ASAP7_75t_R)
                                                 _15183_ (net)
                   64.9619    0.0000  137.2833 ^ _44234_/A (XOR2x2_ASAP7_75t_R)
     1    0.6200    7.5644   33.4078  170.6911 ^ _44234_/Y (XOR2x2_ASAP7_75t_R)
                                                 _15632_ (net)
                    7.5644    0.0000  170.6911 ^ _44256_/A1 (AO21x1_ASAP7_75t_R)
     3    2.8284   20.1201   18.9446  189.6357 ^ _44256_/Y (AO21x1_ASAP7_75t_R)
                                                 _15634_ (net)
                   20.1201    0.0000  189.6357 ^ _44267_/B (NOR2x1_ASAP7_75t_R)
     1    0.6345   10.5806    8.5128  198.1484 v _44267_/Y (NOR2x1_ASAP7_75t_R)
                                                 _15635_ (net)
                   10.5806    0.0000  198.1484 v _44278_/B (AO21x1_ASAP7_75t_R)
     3    2.4629   15.3762   21.0948  219.2432 v _44278_/Y (AO21x1_ASAP7_75t_R)
                                                 _15636_ (net)
                   15.3762    0.0000  219.2432 v _44289_/A (INVx1_ASAP7_75t_R)
     5    4.4587   29.1804   18.6294  237.8726 ^ _44289_/Y (INVx1_ASAP7_75t_R)
                                                 _15637_ (net)
                   29.1804    0.0000  237.8726 ^ _44324_/A2 (AOI21x1_ASAP7_75t_R)
     4    3.9103   32.8389   16.8387  254.7113 v _44324_/Y (AOI21x1_ASAP7_75t_R)
                                                 _15640_ (net)
                   32.8389    0.0000  254.7113 v _44335_/A (BUFx3_ASAP7_75t_R)
    10    9.0323   18.6065   27.0667  281.7780 v _44335_/Y (BUFx3_ASAP7_75t_R)
                                                 _15641_ (net)
                   18.6065    0.0000  281.7780 v _48101_/A (BUFx2_ASAP7_75t_R)
    10    9.5565   26.5244   28.2814  310.0594 v _48101_/Y (BUFx2_ASAP7_75t_R)
                                                 _15960_ (net)
                   26.5244    0.0000  310.0594 v _48112_/A (BUFx2_ASAP7_75t_R)
    10   11.4929   31.3399   32.6984  342.7578 v _48112_/Y (BUFx2_ASAP7_75t_R)
                                                 _07383_ (net)
                   31.3399    0.0000  342.7578 v _72352_/A (XOR2x2_ASAP7_75t_R)
     1    0.9291    8.0211   28.7985  371.5563 ^ _72352_/Y (XOR2x2_ASAP7_75t_R)
                                                 u_alu.b_neg[4] (net)
                    8.0211    0.0000  371.5563 ^ _83972_/B (HAxp5_ASAP7_75t_R)
     4    4.3677   56.5337   51.7788  423.3351 ^ _83972_/SN (HAxp5_ASAP7_75t_R)
                                                 _06901_ (net)
                   56.5337    0.0000  423.3351 ^ _76289_/B (NOR2x1_ASAP7_75t_R)
     3    1.8686   23.9221   18.0684  441.4034 v _76289_/Y (NOR2x1_ASAP7_75t_R)
                                                 _14966_ (net)
                   23.9221    0.0000  441.4034 v _76312_/A2 (AO21x1_ASAP7_75t_R)
     3    2.2190   14.4635   22.4741  463.8776 v _76312_/Y (AO21x1_ASAP7_75t_R)
                                                 _14968_ (net)
                   14.4635    0.0000  463.8776 v _76345_/A1 (AO21x1_ASAP7_75t_R)
     4    3.2743   19.2434   23.9642  487.8417 v _76345_/Y (AO21x1_ASAP7_75t_R)
                                                 _14971_ (net)
                   19.2434    0.0000  487.8417 v _76423_/A2 (AOI21x1_ASAP7_75t_R)
     2    1.7626   17.3120   13.4966  501.3383 ^ _76423_/Y (AOI21x1_ASAP7_75t_R)
                                                 _14978_ (net)
                   17.3120    0.0000  501.3383 ^ _76434_/A (INVx1_ASAP7_75t_R)
     2    2.1703   14.5782   11.5876  512.9258 v _76434_/Y (INVx1_ASAP7_75t_R)
                                                 _14979_ (net)
                   14.5782    0.0000  512.9258 v _76545_/A2 (AOI21x1_ASAP7_75t_R)
     2    1.6980   16.4918   12.3125  525.2383 ^ _76545_/Y (AOI21x1_ASAP7_75t_R)
                                                 _14989_ (net)
                   16.4918    0.0000  525.2383 ^ _76556_/A (INVx1_ASAP7_75t_R)
     2    1.1658    9.9721    8.4374  533.6757 v _76556_/Y (INVx1_ASAP7_75t_R)
                                                 _14990_ (net)
                    9.9721    0.0000  533.6757 v _76733_/A (AND2x2_ASAP7_75t_R)
     2    1.2708    6.8807   16.2153  549.8910 v _76733_/Y (AND2x2_ASAP7_75t_R)
                                                 _15006_ (net)
                    6.8807    0.0000  549.8910 v _77033_/A (OR3x1_ASAP7_75t_R)
     2    1.8738   14.6068   22.3050  572.1960 v _77033_/Y (OR3x1_ASAP7_75t_R)
                                                 _15033_ (net)
                   14.6068    0.0000  572.1960 v _58823_/A2 (AO21x1_ASAP7_75t_R)
     1    0.6837    7.4485   15.9811  588.1771 v _58823_/Y (AO21x1_ASAP7_75t_R)
                                                 _16907_ (net)
                    7.4485    0.0000  588.1771 v _58834_/A (INVx1_ASAP7_75t_R)
     1    1.3026   10.0600    7.5293  595.7064 ^ _58834_/Y (INVx1_ASAP7_75t_R)
                                                 _16908_ (net)
                   10.0600    0.0000  595.7064 ^ _58845_/C (NOR3x1_ASAP7_75t_R)
     3    2.8096   22.5410   16.2729  611.9794 v _58845_/Y (NOR3x1_ASAP7_75t_R)
                                                 _16909_ (net)
                   22.5410    0.0000  611.9794 v _61711_/A (INVx1_ASAP7_75t_R)
     2    2.1317   18.0980   14.3061  626.2854 ^ _61711_/Y (INVx1_ASAP7_75t_R)
                                                 _17167_ (net)
                   18.0980    0.0000  626.2854 ^ _61755_/A (NOR2x1_ASAP7_75t_R)
     1    1.0805   12.3443   11.4301  637.7156 v _61755_/Y (NOR2x1_ASAP7_75t_R)
                                                 _17171_ (net)
                   12.3443    0.0000  637.7156 v _61767_/B (NAND2x1_ASAP7_75t_R)
     1    1.1042   13.1305    9.5420  647.2576 ^ _61767_/Y (NAND2x1_ASAP7_75t_R)
                                                 _17172_ (net)
                   13.1305    0.0000  647.2576 ^ _61778_/B (NOR2x1_ASAP7_75t_R)
     1    1.0453   10.9034    8.6152  655.8728 v _61778_/Y (NOR2x1_ASAP7_75t_R)
                                                 _17173_ (net)
                   10.9034    0.0000  655.8728 v _62077_/A (NAND2x1_ASAP7_75t_R)
     2    2.1552   18.4840   13.6580  669.5308 ^ _62077_/Y (NAND2x1_ASAP7_75t_R)
                                                 _17200_ (net)
                   18.4840    0.0000  669.5308 ^ _62234_/A2 (OAI21x1_ASAP7_75t_R)
     1    1.3789   12.4191    9.7729  679.3036 v _62234_/Y (OAI21x1_ASAP7_75t_R)
                                                 _17214_ (net)
                   12.4191    0.0000  679.3036 v _62245_/B (OAI21x1_ASAP7_75t_R)
     1    0.6934   10.9822    6.1384  685.4421 ^ _62245_/Y (OAI21x1_ASAP7_75t_R)
                                                 _17215_ (net)
                   10.9822    0.0000  685.4421 ^ _62256_/A (BUFx3_ASAP7_75t_R)
    10   12.2482   27.4073   23.8854  709.3275 ^ _62256_/Y (BUFx3_ASAP7_75t_R)
                                                 _17216_ (net)
                   27.4073    0.0000  709.3275 ^ _62267_/B (NAND2x2_ASAP7_75t_R)
     5    3.7595   16.1181   12.2958  721.6233 v _62267_/Y (NAND2x2_ASAP7_75t_R)
                                                 _17217_ (net)
                   16.1181    0.0000  721.6233 v _62889_/A (BUFx3_ASAP7_75t_R)
    10    8.7279   17.6174   22.4753  744.0986 v _62889_/Y (BUFx3_ASAP7_75t_R)
                                                 _17273_ (net)
                   17.6174    0.0000  744.0986 v _63667_/A (AND2x2_ASAP7_75t_R)
     1    1.2249    6.9181   18.6862  762.7848 v _63667_/Y (AND2x2_ASAP7_75t_R)
                                                 _17343_ (net)
                    6.9181    0.0000  762.7848 v _63711_/A1 (OAI21x1_ASAP7_75t_R)
     4    3.5890   27.2130   15.6232  778.4080 ^ _63711_/Y (OAI21x1_ASAP7_75t_R)
                                                 _17347_ (net)
                   27.2130    0.0000  778.4080 ^ _63722_/A (XOR2x2_ASAP7_75t_R)
     1    1.0453    7.9265   24.7047  803.1127 v _63722_/Y (XOR2x2_ASAP7_75t_R)
                                                 _17348_ (net)
                    7.9265    0.0000  803.1127 v _63833_/A (NAND2x1_ASAP7_75t_R)
     1    1.0527   11.7829    9.6428  812.7556 ^ _63833_/Y (NAND2x1_ASAP7_75t_R)
                                                 _17358_ (net)
                   11.7829    0.0000  812.7556 ^ _64022_/A (NOR2x1_ASAP7_75t_R)
     1    1.0805   10.8655    9.8290  822.5845 v _64022_/Y (NOR2x1_ASAP7_75t_R)
                                                 _17375_ (net)
                   10.8655    0.0000  822.5845 v _64033_/B (NAND2x1_ASAP7_75t_R)
     1    1.0527   12.2902    9.0015  831.5861 ^ _64033_/Y (NAND2x1_ASAP7_75t_R)
                                                 _17376_ (net)
                   12.2902    0.0000  831.5861 ^ _66123_/A (NOR2x1_ASAP7_75t_R)
     1    1.2398   11.6951   10.3806  841.9667 v _66123_/Y (NOR2x1_ASAP7_75t_R)
                                                 _17564_ (net)
                   11.6951    0.0000  841.9667 v _68500_/A1 (AOI21x1_ASAP7_75t_R)
     7    5.0530   35.3041   19.8925  861.8592 ^ _68500_/Y (AOI21x1_ASAP7_75t_R)
                                                 _17778_ (net)
                   35.3041    0.0000  861.8592 ^ _68733_/A2 (AOI21x1_ASAP7_75t_R)
     3    2.8546   25.8125   15.3590  877.2182 v _68733_/Y (AOI21x1_ASAP7_75t_R)
                                                 _17799_ (net)
                   25.8125    0.0000  877.2182 v _68779_/A (BUFx3_ASAP7_75t_R)
    10   13.2214   25.0068   28.7837  906.0019 v _68779_/Y (BUFx3_ASAP7_75t_R)
                                                 _17803_ (net)
                   25.0068    0.0000  906.0019 v _82620_/B (NAND2x1_ASAP7_75t_R)
     2    1.1541   16.6467   12.6834  918.6852 ^ _82620_/Y (NAND2x1_ASAP7_75t_R)
                                                 _23873_ (net)
                   16.6467    0.0000  918.6852 ^ _82731_/A (BUFx2_ASAP7_75t_R)
    10    5.8867   20.4627   22.7561  941.4413 ^ _82731_/Y (BUFx2_ASAP7_75t_R)
                                                 _23972_ (net)
                   20.4627    0.0000  941.4413 ^ _82733_/A (BUFx2_ASAP7_75t_R)
    10   11.4305   36.6880   31.2199  972.6613 ^ _82733_/Y (BUFx2_ASAP7_75t_R)
                                                 _23973_ (net)
                   36.6880    0.0000  972.6613 ^ _82734_/B (NAND2x1_ASAP7_75t_R)
     1    1.3789   17.8981   11.6285  984.2898 v _82734_/Y (NAND2x1_ASAP7_75t_R)
                                                 _23974_ (net)
                   17.8981    0.0000  984.2898 v _82735_/B (OAI21x1_ASAP7_75t_R)
     1    0.6234   15.6344    6.9186  991.2083 ^ _82735_/Y (OAI21x1_ASAP7_75t_R)
                                                 _14127_ (net)
                   15.6344    0.0000  991.2083 ^ u_mul.genblk1.g_pipe3.pp0_r[50]$_DFFE_PN0P_/D (DFFASRHQNx1_ASAP7_75t_R)
                                      991.2083   data arrival time

                   20.0000  675.0000  675.0000   clock core_clk (rise edge)
                              0.0000  675.0000   clock network delay (ideal)
                            -20.0000  655.0000   clock uncertainty
                              0.0000  655.0000   clock reconvergence pessimism
                                      655.0000 ^ u_mul.genblk1.g_pipe3.pp0_r[50]$_DFFE_PN0P_/CLK (DFFASRHQNx1_ASAP7_75t_R)
                            -10.3565  644.6434   library setup time
                                      644.6434   data required time
-------------------------------------------------------------------------------------
                                      644.6434   data required time
                                     -991.2083   data arrival time
-------------------------------------------------------------------------------------
                                     -346.5649   slack (VIOLATED)


